<?xml version="1.0" encoding="ISO-8859-1" ?>
<link_info>
   <banner>TI ARM Linker PC v20.2.7.LTS</banner>
   <copyright>Copyright (c) 1996-2018 Texas Instruments Incorporated</copyright>
   <link_time>0x6678621e</link_time>
   <link_errors>0x0</link_errors>
   <output_file>gpiointerrupt_CC3220SF_LAUNCHXL_nortos_ccs.out</output_file>
   <entry_point>
      <name>resetISR</name>
      <address>0x1006905</address>
   </entry_point>
   <input_file_list>
      <input_file id="fl-2">
         <path>.\</path>
         <kind>object</kind>
         <file>gpiointerrupt.obj</file>
         <name>gpiointerrupt.obj</name>
      </input_file>
      <input_file id="fl-3">
         <path>.\syscfg\</path>
         <kind>object</kind>
         <file>ti_drivers_config.obj</file>
         <name>ti_drivers_config.obj</name>
      </input_file>
      <input_file id="fl-4">
         <path>.\</path>
         <kind>object</kind>
         <file>main_nortos.obj</file>
         <name>main_nortos.obj</name>
      </input_file>
      <input_file id="fl-d">
         <kind>object</kind>
         <file>&lt;internal&gt;</file>
         <name>&lt;internal&gt;</name>
      </input_file>
      <input_file id="fl-e">
         <path>C:\ti\simplelink_cc32xx_sdk_4_30_00_06\source\ti\drivers\lib\ccs\m4\</path>
         <kind>archive</kind>
         <file>drivers_cc32xx.a</file>
         <name>I2C.oem4</name>
      </input_file>
      <input_file id="fl-f">
         <path>C:\ti\simplelink_cc32xx_sdk_4_30_00_06\source\ti\drivers\lib\ccs\m4\</path>
         <kind>archive</kind>
         <file>drivers_cc32xx.a</file>
         <name>Timer.oem4</name>
      </input_file>
      <input_file id="fl-10">
         <path>C:\ti\simplelink_cc32xx_sdk_4_30_00_06\source\ti\drivers\lib\ccs\m4\</path>
         <kind>archive</kind>
         <file>drivers_cc32xx.a</file>
         <name>UART.oem4</name>
      </input_file>
      <input_file id="fl-11">
         <path>C:\ti\simplelink_cc32xx_sdk_4_30_00_06\source\ti\drivers\lib\ccs\m4\</path>
         <kind>archive</kind>
         <file>drivers_cc32xx.a</file>
         <name>GPIOCC32XX.oem4</name>
      </input_file>
      <input_file id="fl-12">
         <path>C:\ti\simplelink_cc32xx_sdk_4_30_00_06\source\ti\drivers\lib\ccs\m4\</path>
         <kind>archive</kind>
         <file>drivers_cc32xx.a</file>
         <name>I2CCC32XX.oem4</name>
      </input_file>
      <input_file id="fl-13">
         <path>C:\ti\simplelink_cc32xx_sdk_4_30_00_06\source\ti\drivers\lib\ccs\m4\</path>
         <kind>archive</kind>
         <file>drivers_cc32xx.a</file>
         <name>PowerCC32XX.oem4</name>
      </input_file>
      <input_file id="fl-14">
         <path>C:\ti\simplelink_cc32xx_sdk_4_30_00_06\source\ti\drivers\lib\ccs\m4\</path>
         <kind>archive</kind>
         <file>drivers_cc32xx.a</file>
         <name>PowerCC32XX_asm.oem4</name>
      </input_file>
      <input_file id="fl-15">
         <path>C:\ti\simplelink_cc32xx_sdk_4_30_00_06\source\ti\drivers\lib\ccs\m4\</path>
         <kind>archive</kind>
         <file>drivers_cc32xx.a</file>
         <name>TimerCC32XX.oem4</name>
      </input_file>
      <input_file id="fl-16">
         <path>C:\ti\simplelink_cc32xx_sdk_4_30_00_06\source\ti\drivers\lib\ccs\m4\</path>
         <kind>archive</kind>
         <file>drivers_cc32xx.a</file>
         <name>UARTCC32XX.oem4</name>
      </input_file>
      <input_file id="fl-17">
         <path>C:\ti\simplelink_cc32xx_sdk_4_30_00_06\source\ti\drivers\lib\ccs\m4\</path>
         <kind>archive</kind>
         <file>drivers_cc32xx.a</file>
         <name>List.oem4</name>
      </input_file>
      <input_file id="fl-18">
         <path>C:\ti\simplelink_cc32xx_sdk_4_30_00_06\source\ti\drivers\lib\ccs\m4\</path>
         <kind>archive</kind>
         <file>drivers_cc32xx.a</file>
         <name>RingBuf.oem4</name>
      </input_file>
      <input_file id="fl-19">
         <path>C:\ti\simplelink_cc32xx_sdk_4_30_00_06\kernel\nortos\lib\ccs\m4\</path>
         <kind>archive</kind>
         <file>nortos_cc32xx.a</file>
         <name>NoRTOS.oem4</name>
      </input_file>
      <input_file id="fl-1a">
         <path>C:\ti\simplelink_cc32xx_sdk_4_30_00_06\kernel\nortos\lib\ccs\m4\</path>
         <kind>archive</kind>
         <file>nortos_cc32xx.a</file>
         <name>SemaphoreP_nortos.oem4</name>
      </input_file>
      <input_file id="fl-1b">
         <path>C:\ti\simplelink_cc32xx_sdk_4_30_00_06\kernel\nortos\lib\ccs\m4\</path>
         <kind>archive</kind>
         <file>nortos_cc32xx.a</file>
         <name>ClockPSysTick_nortos.oem4</name>
      </input_file>
      <input_file id="fl-1c">
         <path>C:\ti\simplelink_cc32xx_sdk_4_30_00_06\kernel\nortos\lib\ccs\m4\</path>
         <kind>archive</kind>
         <file>nortos_cc32xx.a</file>
         <name>HwiPCC32XX_nortos.oem4</name>
      </input_file>
      <input_file id="fl-1d">
         <path>C:\ti\simplelink_cc32xx_sdk_4_30_00_06\kernel\nortos\lib\ccs\m4\</path>
         <kind>archive</kind>
         <file>nortos_cc32xx.a</file>
         <name>PowerCC32XX_nortos.oem4</name>
      </input_file>
      <input_file id="fl-1e">
         <path>C:\ti\simplelink_cc32xx_sdk_4_30_00_06\kernel\nortos\lib\ccs\m4\</path>
         <kind>archive</kind>
         <file>nortos_cc32xx.a</file>
         <name>startup_cc32xx_ccs.oem4</name>
      </input_file>
      <input_file id="fl-1f">
         <path>C:\ti\simplelink_cc32xx_sdk_4_30_00_06\kernel\nortos\lib\ccs\m4\</path>
         <kind>archive</kind>
         <file>nortos_cc32xx.a</file>
         <name>SwiP_nortos.oem4</name>
      </input_file>
      <input_file id="fl-20">
         <path>C:\ti\simplelink_cc32xx_sdk_4_30_00_06\kernel\nortos\lib\ccs\m4\</path>
         <kind>archive</kind>
         <file>nortos_cc32xx.a</file>
         <name>QueueP_nortos.oem4</name>
      </input_file>
      <input_file id="fl-21">
         <path>C:\ti\simplelink_cc32xx_sdk_4_30_00_06\source\ti\devices\cc32xx\driverlib\ccs\Release\</path>
         <kind>archive</kind>
         <file>driverlib.a</file>
         <name>cpu.obj</name>
      </input_file>
      <input_file id="fl-22">
         <path>C:\ti\simplelink_cc32xx_sdk_4_30_00_06\source\ti\devices\cc32xx\driverlib\ccs\Release\</path>
         <kind>archive</kind>
         <file>driverlib.a</file>
         <name>i2c.obj</name>
      </input_file>
      <input_file id="fl-23">
         <path>C:\ti\simplelink_cc32xx_sdk_4_30_00_06\source\ti\devices\cc32xx\driverlib\ccs\Release\</path>
         <kind>archive</kind>
         <file>driverlib.a</file>
         <name>interrupt.obj</name>
      </input_file>
      <input_file id="fl-24">
         <path>C:\ti\simplelink_cc32xx_sdk_4_30_00_06\source\ti\devices\cc32xx\driverlib\ccs\Release\</path>
         <kind>archive</kind>
         <file>driverlib.a</file>
         <name>pin.obj</name>
      </input_file>
      <input_file id="fl-25">
         <path>C:\ti\simplelink_cc32xx_sdk_4_30_00_06\source\ti\devices\cc32xx\driverlib\ccs\Release\</path>
         <kind>archive</kind>
         <file>driverlib.a</file>
         <name>prcm.obj</name>
      </input_file>
      <input_file id="fl-26">
         <path>C:\ti\simplelink_cc32xx_sdk_4_30_00_06\source\ti\devices\cc32xx\driverlib\ccs\Release\</path>
         <kind>archive</kind>
         <file>driverlib.a</file>
         <name>timer.obj</name>
      </input_file>
      <input_file id="fl-27">
         <path>C:\ti\simplelink_cc32xx_sdk_4_30_00_06\source\ti\devices\cc32xx\driverlib\ccs\Release\</path>
         <kind>archive</kind>
         <file>driverlib.a</file>
         <name>uart.obj</name>
      </input_file>
      <input_file id="fl-28">
         <path>C:\ti\simplelink_cc32xx_sdk_4_30_00_06\source\ti\devices\cc32xx\driverlib\ccs\Release\</path>
         <kind>archive</kind>
         <file>driverlib.a</file>
         <name>utils.obj</name>
      </input_file>
      <input_file id="fl-29">
         <path>C:\ti\simplelink_cc32xx_sdk_4_30_00_06\source\ti\devices\cc32xx\driverlib\ccs\Release\</path>
         <kind>archive</kind>
         <file>driverlib.a</file>
         <name>flash.obj</name>
      </input_file>
      <input_file id="fl-df">
         <path>C:\ti\ccs1011\ccs\tools\compiler\ti-cgt-arm_20.2.7.LTS\lib\</path>
         <kind>archive</kind>
         <file>rtsv7M4_T_le_eabi.lib</file>
         <name>snprintf.c.obj</name>
      </input_file>
      <input_file id="fl-e0">
         <path>C:\ti\ccs1011\ccs\tools\compiler\ti-cgt-arm_20.2.7.LTS\lib\</path>
         <kind>archive</kind>
         <file>rtsv7M4_T_le_eabi.lib</file>
         <name>fs_mul_t2.asm.obj</name>
      </input_file>
      <input_file id="fl-e1">
         <path>C:\ti\ccs1011\ccs\tools\compiler\ti-cgt-arm_20.2.7.LTS\lib\</path>
         <kind>archive</kind>
         <file>rtsv7M4_T_le_eabi.lib</file>
         <name>fs_toi_t2.asm.obj</name>
      </input_file>
      <input_file id="fl-e2">
         <path>C:\ti\ccs1011\ccs\tools\compiler\ti-cgt-arm_20.2.7.LTS\lib\</path>
         <kind>archive</kind>
         <file>rtsv7M4_T_le_eabi.lib</file>
         <name>i_tofs_t2.asm.obj</name>
      </input_file>
      <input_file id="fl-e3">
         <path>C:\ti\ccs1011\ccs\tools\compiler\ti-cgt-arm_20.2.7.LTS\lib\</path>
         <kind>archive</kind>
         <file>rtsv7M4_T_le_eabi.lib</file>
         <name>ll_mul_t2.asm.obj</name>
      </input_file>
      <input_file id="fl-e4">
         <path>C:\ti\ccs1011\ccs\tools\compiler\ti-cgt-arm_20.2.7.LTS\lib\</path>
         <kind>archive</kind>
         <file>rtsv7M4_T_le_eabi.lib</file>
         <name>memcpy_t2.asm.obj</name>
      </input_file>
      <input_file id="fl-e5">
         <path>C:\ti\ccs1011\ccs\tools\compiler\ti-cgt-arm_20.2.7.LTS\lib\</path>
         <kind>archive</kind>
         <file>rtsv7M4_T_le_eabi.lib</file>
         <name>ull_div_t2.asm.obj</name>
      </input_file>
      <input_file id="fl-e6">
         <path>C:\ti\ccs1011\ccs\tools\compiler\ti-cgt-arm_20.2.7.LTS\lib\</path>
         <kind>archive</kind>
         <file>rtsv7M4_T_le_eabi.lib</file>
         <name>copy_zero_init.c.obj</name>
      </input_file>
      <input_file id="fl-e7">
         <path>C:\ti\ccs1011\ccs\tools\compiler\ti-cgt-arm_20.2.7.LTS\lib\</path>
         <kind>archive</kind>
         <file>rtsv7M4_T_le_eabi.lib</file>
         <name>copy_decompress_none.c.obj</name>
      </input_file>
      <input_file id="fl-e8">
         <path>C:\ti\ccs1011\ccs\tools\compiler\ti-cgt-arm_20.2.7.LTS\lib\</path>
         <kind>archive</kind>
         <file>rtsv7M4_T_le_eabi.lib</file>
         <name>copy_decompress_lzss.c.obj</name>
      </input_file>
      <input_file id="fl-e9">
         <path>C:\ti\ccs1011\ccs\tools\compiler\ti-cgt-arm_20.2.7.LTS\lib\</path>
         <kind>archive</kind>
         <file>rtsv7M4_T_le_eabi.lib</file>
         <name>memory.c.obj</name>
      </input_file>
      <input_file id="fl-ea">
         <path>C:\ti\ccs1011\ccs\tools\compiler\ti-cgt-arm_20.2.7.LTS\lib\</path>
         <kind>archive</kind>
         <file>rtsv7M4_T_le_eabi.lib</file>
         <name>boot_cortex_m.c.obj</name>
      </input_file>
      <input_file id="fl-eb">
         <path>C:\ti\ccs1011\ccs\tools\compiler\ti-cgt-arm_20.2.7.LTS\lib\</path>
         <kind>archive</kind>
         <file>rtsv7M4_T_le_eabi.lib</file>
         <name>_printfi.c.obj</name>
      </input_file>
      <input_file id="fl-ec">
         <path>C:\ti\ccs1011\ccs\tools\compiler\ti-cgt-arm_20.2.7.LTS\lib\</path>
         <kind>archive</kind>
         <file>rtsv7M4_T_le_eabi.lib</file>
         <name>div0.asm.obj</name>
      </input_file>
      <input_file id="fl-ed">
         <path>C:\ti\ccs1011\ccs\tools\compiler\ti-cgt-arm_20.2.7.LTS\lib\</path>
         <kind>archive</kind>
         <file>rtsv7M4_T_le_eabi.lib</file>
         <name>fd_add_t2.asm.obj</name>
      </input_file>
      <input_file id="fl-ee">
         <path>C:\ti\ccs1011\ccs\tools\compiler\ti-cgt-arm_20.2.7.LTS\lib\</path>
         <kind>archive</kind>
         <file>rtsv7M4_T_le_eabi.lib</file>
         <name>fd_cmp_t2.asm.obj</name>
      </input_file>
      <input_file id="fl-ef">
         <path>C:\ti\ccs1011\ccs\tools\compiler\ti-cgt-arm_20.2.7.LTS\lib\</path>
         <kind>archive</kind>
         <file>rtsv7M4_T_le_eabi.lib</file>
         <name>fd_div_t2.asm.obj</name>
      </input_file>
      <input_file id="fl-f0">
         <path>C:\ti\ccs1011\ccs\tools\compiler\ti-cgt-arm_20.2.7.LTS\lib\</path>
         <kind>archive</kind>
         <file>rtsv7M4_T_le_eabi.lib</file>
         <name>fd_mul_t2.asm.obj</name>
      </input_file>
      <input_file id="fl-f1">
         <path>C:\ti\ccs1011\ccs\tools\compiler\ti-cgt-arm_20.2.7.LTS\lib\</path>
         <kind>archive</kind>
         <file>rtsv7M4_T_le_eabi.lib</file>
         <name>fd_toi_t2.asm.obj</name>
      </input_file>
      <input_file id="fl-f2">
         <path>C:\ti\ccs1011\ccs\tools\compiler\ti-cgt-arm_20.2.7.LTS\lib\</path>
         <kind>archive</kind>
         <file>rtsv7M4_T_le_eabi.lib</file>
         <name>i_tofd_t2.asm.obj</name>
      </input_file>
      <input_file id="fl-f3">
         <path>C:\ti\ccs1011\ccs\tools\compiler\ti-cgt-arm_20.2.7.LTS\lib\</path>
         <kind>archive</kind>
         <file>rtsv7M4_T_le_eabi.lib</file>
         <name>memset_t2.asm.obj</name>
      </input_file>
      <input_file id="fl-f4">
         <path>C:\ti\ccs1011\ccs\tools\compiler\ti-cgt-arm_20.2.7.LTS\lib\</path>
         <kind>archive</kind>
         <file>rtsv7M4_T_le_eabi.lib</file>
         <name>autoinit.c.obj</name>
      </input_file>
      <input_file id="fl-f5">
         <path>C:\ti\ccs1011\ccs\tools\compiler\ti-cgt-arm_20.2.7.LTS\lib\</path>
         <kind>archive</kind>
         <file>rtsv7M4_T_le_eabi.lib</file>
         <name>pre_init.c.obj</name>
      </input_file>
      <input_file id="fl-f6">
         <path>C:\ti\ccs1011\ccs\tools\compiler\ti-cgt-arm_20.2.7.LTS\lib\</path>
         <kind>archive</kind>
         <file>rtsv7M4_T_le_eabi.lib</file>
         <name>cpy_tbl.c.obj</name>
      </input_file>
      <input_file id="fl-f7">
         <path>C:\ti\ccs1011\ccs\tools\compiler\ti-cgt-arm_20.2.7.LTS\lib\</path>
         <kind>archive</kind>
         <file>rtsv7M4_T_le_eabi.lib</file>
         <name>exit.c.obj</name>
      </input_file>
      <input_file id="fl-f8">
         <path>C:\ti\ccs1011\ccs\tools\compiler\ti-cgt-arm_20.2.7.LTS\lib\</path>
         <kind>archive</kind>
         <file>rtsv7M4_T_le_eabi.lib</file>
         <name>_lock.c.obj</name>
      </input_file>
      <input_file id="fl-f9">
         <path>C:\ti\ccs1011\ccs\tools\compiler\ti-cgt-arm_20.2.7.LTS\lib\</path>
         <kind>archive</kind>
         <file>rtsv7M4_T_le_eabi.lib</file>
         <name>_ltoa.c.obj</name>
      </input_file>
      <input_file id="fl-fa">
         <path>C:\ti\ccs1011\ccs\tools\compiler\ti-cgt-arm_20.2.7.LTS\lib\</path>
         <kind>archive</kind>
         <file>rtsv7M4_T_le_eabi.lib</file>
         <name>args_main.c.obj</name>
      </input_file>
      <input_file id="fl-fb">
         <path>C:\ti\ccs1011\ccs\tools\compiler\ti-cgt-arm_20.2.7.LTS\lib\</path>
         <kind>archive</kind>
         <file>rtsv7M4_T_le_eabi.lib</file>
         <name>atoi.c.obj</name>
      </input_file>
      <input_file id="fl-fc">
         <path>C:\ti\ccs1011\ccs\tools\compiler\ti-cgt-arm_20.2.7.LTS\lib\</path>
         <kind>archive</kind>
         <file>rtsv7M4_T_le_eabi.lib</file>
         <name>ctype.c.obj</name>
      </input_file>
      <input_file id="fl-fd">
         <path>C:\ti\ccs1011\ccs\tools\compiler\ti-cgt-arm_20.2.7.LTS\lib\</path>
         <kind>archive</kind>
         <file>rtsv7M4_T_le_eabi.lib</file>
         <name>memccpy.c.obj</name>
      </input_file>
      <input_file id="fl-fe">
         <path>C:\ti\ccs1011\ccs\tools\compiler\ti-cgt-arm_20.2.7.LTS\lib\</path>
         <kind>archive</kind>
         <file>rtsv7M4_T_le_eabi.lib</file>
         <name>strchr.c.obj</name>
      </input_file>
      <input_file id="fl-ff">
         <path>C:\ti\ccs1011\ccs\tools\compiler\ti-cgt-arm_20.2.7.LTS\lib\</path>
         <kind>archive</kind>
         <file>rtsv7M4_T_le_eabi.lib</file>
         <name>strlen.c.obj</name>
      </input_file>
      <input_file id="fl-100">
         <path>C:\ti\ccs1011\ccs\tools\compiler\ti-cgt-arm_20.2.7.LTS\lib\</path>
         <kind>archive</kind>
         <file>rtsv7M4_T_le_eabi.lib</file>
         <name>errno.c.obj</name>
      </input_file>
      <input_file id="fl-101">
         <path>C:\ti\ccs1011\ccs\tools\compiler\ti-cgt-arm_20.2.7.LTS\lib\</path>
         <kind>archive</kind>
         <file>rtsv7M4_T_le_eabi.lib</file>
         <name>wcslen.c.obj</name>
      </input_file>
      <input_file id="fl-102">
         <path>C:\ti\ccs1011\ccs\tools\compiler\ti-cgt-arm_20.2.7.LTS\lib\</path>
         <kind>archive</kind>
         <file>rtsv7M4_T_le_eabi.lib</file>
         <name>s_frexp.c.obj</name>
      </input_file>
      <input_file id="fl-103">
         <path>C:\ti\ccs1011\ccs\tools\compiler\ti-cgt-arm_20.2.7.LTS\lib\</path>
         <kind>archive</kind>
         <file>rtsv7M4_T_le_eabi.lib</file>
         <name>s_scalbn.c.obj</name>
      </input_file>
      <input_file id="fl-104">
         <path>C:\ti\ccs1011\ccs\tools\compiler\ti-cgt-arm_20.2.7.LTS\lib\</path>
         <kind>archive</kind>
         <file>rtsv7M4_T_le_eabi.lib</file>
         <name>s_copysign.c.obj</name>
      </input_file>
   </input_file_list>
   <object_component_list>
      <object_component id="oc-48f">
         <name>.text:__TI_printfi</name>
         <load_address>0x1000840</load_address>
         <run_address>0x1000840</run_address>
         <size>0xa4e</size>
         <input_file_ref idref="fl-eb"/>
      </object_component>
      <object_component id="oc-1da">
         <name>.text:Board_initHook</name>
         <load_address>0x100128e</load_address>
         <run_address>0x100128e</run_address>
         <size>0x2</size>
         <input_file_ref idref="fl-3"/>
      </object_component>
      <object_component id="oc-1ce">
         <name>.text:PRCMCC3200MCUInit</name>
         <load_address>0x1001290</load_address>
         <run_address>0x1001290</run_address>
         <size>0x42c</size>
         <input_file_ref idref="fl-25"/>
      </object_component>
      <object_component id="oc-753">
         <name>.text:UARTCC32XX_open</name>
         <load_address>0x10016bc</load_address>
         <run_address>0x10016bc</run_address>
         <size>0x288</size>
         <input_file_ref idref="fl-16"/>
      </object_component>
      <object_component id="oc-60a">
         <name>.text:_pconv_a</name>
         <load_address>0x1001944</load_address>
         <run_address>0x1001944</run_address>
         <size>0x268</size>
         <input_file_ref idref="fl-eb"/>
      </object_component>
      <object_component id="oc-200">
         <name>.text:initI2C</name>
         <load_address>0x1001bac</load_address>
         <run_address>0x1001bac</run_address>
         <size>0x24c</size>
         <input_file_ref idref="fl-2"/>
      </object_component>
      <object_component id="oc-1e8">
         <name>.text:GPIO_setConfig</name>
         <load_address>0x1001df8</load_address>
         <run_address>0x1001df8</run_address>
         <size>0x1e4</size>
         <input_file_ref idref="fl-11"/>
      </object_component>
      <object_component id="oc-5f8">
         <name>.text:_pconv_g</name>
         <load_address>0x1001fdc</load_address>
         <run_address>0x1001fdc</run_address>
         <size>0x1cc</size>
         <input_file_ref idref="fl-eb"/>
      </object_component>
      <object_component id="oc-7ad">
         <name>.text</name>
         <load_address>0x10021a8</load_address>
         <run_address>0x10021a8</run_address>
         <size>0x1b6</size>
         <input_file_ref idref="fl-ed"/>
      </object_component>
      <object_component id="oc-34e">
         <name>.text:I2C_init</name>
         <load_address>0x100235e</load_address>
         <run_address>0x100235e</run_address>
         <size>0x2</size>
         <input_file_ref idref="fl-e"/>
      </object_component>
      <object_component id="oc-3e3">
         <name>.text:PowerCC32XX_sleepPolicy</name>
         <load_address>0x1002360</load_address>
         <run_address>0x1002360</run_address>
         <size>0x19c</size>
         <input_file_ref idref="fl-1d"/>
      </object_component>
      <object_component id="oc-4d6">
         <name>.text:I2CCC32XX_hwiFxn</name>
         <load_address>0x10024fc</load_address>
         <run_address>0x10024fc</run_address>
         <size>0x148</size>
         <input_file_ref idref="fl-12"/>
      </object_component>
      <object_component id="oc-6e8">
         <name>.text:parkPins</name>
         <load_address>0x1002644</load_address>
         <run_address>0x1002644</run_address>
         <size>0x148</size>
         <input_file_ref idref="fl-13"/>
      </object_component>
      <object_component id="oc-604">
         <name>.text:_pconv_e</name>
         <load_address>0x100278c</load_address>
         <run_address>0x100278c</run_address>
         <size>0x13c</size>
         <input_file_ref idref="fl-eb"/>
      </object_component>
      <object_component id="oc-55d">
         <name>.text:Power_sleep</name>
         <load_address>0x10028c8</load_address>
         <run_address>0x10028c8</run_address>
         <size>0x138</size>
         <input_file_ref idref="fl-13"/>
      </object_component>
      <object_component id="oc-793">
         <name>.text</name>
         <load_address>0x1002a00</load_address>
         <run_address>0x1002a00</run_address>
         <size>0x136</size>
         <input_file_ref idref="fl-ef"/>
      </object_component>
      <object_component id="oc-3dd">
         <name>.text:PowerCC32XX_initPolicy</name>
         <load_address>0x1002b36</load_address>
         <run_address>0x1002b36</run_address>
         <size>0x2</size>
         <input_file_ref idref="fl-1d"/>
      </object_component>
      <object_component id="oc-865">
         <name>.text:TimerCC32XX_open</name>
         <load_address>0x1002b38</load_address>
         <run_address>0x1002b38</run_address>
         <size>0x128</size>
         <input_file_ref idref="fl-15"/>
      </object_component>
      <object_component id="oc-4e4">
         <name>.text:I2C_transferTimeout</name>
         <load_address>0x1002c60</load_address>
         <run_address>0x1002c60</run_address>
         <size>0x122</size>
         <input_file_ref idref="fl-e"/>
      </object_component>
      <object_component id="oc-85f">
         <name>.text:TimerCC32XX_init</name>
         <load_address>0x1002d82</load_address>
         <run_address>0x1002d82</run_address>
         <size>0x2</size>
         <input_file_ref idref="fl-15"/>
      </object_component>
      <object_component id="oc-741">
         <name>.text:UARTCC32XX_close</name>
         <load_address>0x1002d84</load_address>
         <run_address>0x1002d84</run_address>
         <size>0x120</size>
         <input_file_ref idref="fl-16"/>
      </object_component>
      <object_component id="oc-7bf">
         <name>.text:fcvt</name>
         <load_address>0x1002ea4</load_address>
         <run_address>0x1002ea4</run_address>
         <size>0x120</size>
         <input_file_ref idref="fl-eb"/>
      </object_component>
      <object_component id="oc-4fd">
         <name>.text:readTemp</name>
         <load_address>0x1002fc4</load_address>
         <run_address>0x1002fc4</run_address>
         <size>0x120</size>
         <input_file_ref idref="fl-2"/>
      </object_component>
      <object_component id="oc-5bc">
         <name>.text:aligned_alloc</name>
         <load_address>0x10030e4</load_address>
         <run_address>0x10030e4</run_address>
         <size>0x100</size>
         <input_file_ref idref="fl-e9"/>
      </object_component>
      <object_component id="oc-35a">
         <name>.text:I2C_open</name>
         <load_address>0x10031e4</load_address>
         <run_address>0x10031e4</run_address>
         <size>0xfc</size>
         <input_file_ref idref="fl-12"/>
      </object_component>
      <object_component id="oc-78e">
         <name>.text</name>
         <load_address>0x10032e0</load_address>
         <run_address>0x10032e0</run_address>
         <size>0xfc</size>
         <input_file_ref idref="fl-f0"/>
      </object_component>
      <object_component id="oc-747">
         <name>.text:UARTCC32XX_control</name>
         <load_address>0x10033dc</load_address>
         <run_address>0x10033dc</run_address>
         <size>0xf2</size>
         <input_file_ref idref="fl-16"/>
      </object_component>
      <object_component id="oc-74d">
         <name>.text:UARTCC32XX_init</name>
         <load_address>0x10034ce</load_address>
         <run_address>0x10034ce</run_address>
         <size>0x2</size>
         <input_file_ref idref="fl-16"/>
      </object_component>
      <object_component id="oc-3ff">
         <name>.text:free</name>
         <load_address>0x10034d0</load_address>
         <run_address>0x10034d0</run_address>
         <size>0xe4</size>
         <input_file_ref idref="fl-e9"/>
      </object_component>
      <object_component id="oc-7d3">
         <name>.text:scalbn</name>
         <load_address>0x10035b4</load_address>
         <run_address>0x10035b4</run_address>
         <size>0xd0</size>
         <input_file_ref idref="fl-103"/>
      </object_component>
      <object_component id="oc-76b">
         <name>.text:UARTCC32XX_write</name>
         <load_address>0x1003684</load_address>
         <run_address>0x1003684</run_address>
         <size>0xca</size>
         <input_file_ref idref="fl-16"/>
      </object_component>
      <object_component id="oc-3a5">
         <name>.text:_nop</name>
         <load_address>0x100374e</load_address>
         <run_address>0x100374e</run_address>
         <size>0x2</size>
         <input_file_ref idref="fl-f8"/>
      </object_component>
      <object_component id="oc-1e2">
         <name>.text:GPIO_init</name>
         <load_address>0x1003750</load_address>
         <run_address>0x1003750</run_address>
         <size>0xc4</size>
         <input_file_ref idref="fl-11"/>
      </object_component>
      <object_component id="oc-705">
         <name>.text:restoreParkedPins</name>
         <load_address>0x1003814</load_address>
         <run_address>0x1003814</run_address>
         <size>0xc0</size>
         <input_file_ref idref="fl-13"/>
      </object_component>
      <object_component id="oc-75f">
         <name>.text:UARTCC32XX_readPolling</name>
         <load_address>0x10038d4</load_address>
         <run_address>0x10038d4</run_address>
         <size>0xba</size>
         <input_file_ref idref="fl-16"/>
      </object_component>
      <object_component id="oc-74">
         <name>.text:busFaultHandler</name>
         <load_address>0x100398e</load_address>
         <run_address>0x100398e</run_address>
         <size>0x2</size>
         <input_file_ref idref="fl-1e"/>
      </object_component>
      <object_component id="oc-929">
         <name>.text:initHw</name>
         <load_address>0x1003990</load_address>
         <run_address>0x1003990</run_address>
         <size>0xb8</size>
         <input_file_ref idref="fl-16"/>
      </object_component>
      <object_component id="oc-a50">
         <name>.text:readTaskCallback</name>
         <load_address>0x1003a48</load_address>
         <run_address>0x1003a48</run_address>
         <size>0xb6</size>
         <input_file_ref idref="fl-16"/>
      </object_component>
      <object_component id="oc-670">
         <name>.text:I2CCC32XX_completeTransfer</name>
         <load_address>0x1003afe</load_address>
         <run_address>0x1003afe</run_address>
         <size>0xb2</size>
         <input_file_ref idref="fl-12"/>
      </object_component>
      <object_component id="oc-5ed">
         <name>.text:_ltostr</name>
         <load_address>0x1003bb0</load_address>
         <run_address>0x1003bb0</run_address>
         <size>0xb1</size>
         <input_file_ref idref="fl-eb"/>
      </object_component>
      <object_component id="oc-a3e">
         <name>.text:readTaskBlocking</name>
         <load_address>0x1003c62</load_address>
         <run_address>0x1003c62</run_address>
         <size>0xb0</size>
         <input_file_ref idref="fl-16"/>
      </object_component>
      <object_component id="oc-a44">
         <name>.text:readIsrTextBlocking</name>
         <load_address>0x1003d12</load_address>
         <run_address>0x1003d12</run_address>
         <size>0xae</size>
         <input_file_ref idref="fl-16"/>
      </object_component>
      <object_component id="oc-65e">
         <name>.text:I2CCC32XX_primeWriteBurst</name>
         <load_address>0x1003dc0</load_address>
         <run_address>0x1003dc0</run_address>
         <size>0xa8</size>
         <input_file_ref idref="fl-12"/>
      </object_component>
      <object_component id="oc-b6">
         <name>.text:IntEnable</name>
         <load_address>0x1003e68</load_address>
         <run_address>0x1003e68</run_address>
         <size>0xa8</size>
         <input_file_ref idref="fl-23"/>
      </object_component>
      <object_component id="oc-2a8">
         <name>.text:PowerCC32XX_configureWakeup</name>
         <load_address>0x1003f10</load_address>
         <run_address>0x1003f10</run_address>
         <size>0xa8</size>
         <input_file_ref idref="fl-13"/>
      </object_component>
      <object_component id="oc-a56">
         <name>.text:readIsrTextCallback</name>
         <load_address>0x1003fb8</load_address>
         <run_address>0x1003fb8</run_address>
         <size>0xa2</size>
         <input_file_ref idref="fl-16"/>
      </object_component>
      <object_component id="oc-960">
         <name>.text:writeData</name>
         <load_address>0x100405a</load_address>
         <run_address>0x100405a</run_address>
         <size>0xa2</size>
         <input_file_ref idref="fl-16"/>
      </object_component>
      <object_component id="oc-2ce">
         <name>.text:SemaphoreP_pend</name>
         <load_address>0x10040fc</load_address>
         <run_address>0x10040fc</run_address>
         <size>0xa0</size>
         <input_file_ref idref="fl-1a"/>
      </object_component>
      <object_component id="oc-4c4">
         <name>.text:I2CCC32XX_initHw</name>
         <load_address>0x100419c</load_address>
         <run_address>0x100419c</run_address>
         <size>0x9c</size>
         <input_file_ref idref="fl-12"/>
      </object_component>
      <object_component id="oc-3c">
         <name>.text</name>
         <load_address>0x1004238</load_address>
         <run_address>0x1004238</run_address>
         <size>0x9c</size>
         <input_file_ref idref="fl-e4"/>
      </object_component>
      <object_component id="oc-2ea">
         <name>.text:powerNotifyFxn</name>
         <load_address>0x10042d4</load_address>
         <run_address>0x10042d4</run_address>
         <size>0x98</size>
         <input_file_ref idref="fl-11"/>
      </object_component>
      <object_component id="oc-558">
         <name>.text</name>
         <load_address>0x100436c</load_address>
         <run_address>0x100436c</run_address>
         <size>0x96</size>
         <input_file_ref idref="fl-e5"/>
      </object_component>
      <object_component id="oc-424">
         <name>.text:clkFxn</name>
         <load_address>0x1004402</load_address>
         <run_address>0x1004402</run_address>
         <size>0x2</size>
         <input_file_ref idref="fl-1a"/>
      </object_component>
      <object_component id="oc-6f9">
         <name>.text:restoreNVICRegs</name>
         <load_address>0x1004404</load_address>
         <run_address>0x1004404</run_address>
         <size>0x90</size>
         <input_file_ref idref="fl-13"/>
      </object_component>
      <object_component id="oc-460">
         <name>.text:HwiP_construct</name>
         <load_address>0x1004494</load_address>
         <run_address>0x1004494</run_address>
         <size>0x8c</size>
         <input_file_ref idref="fl-1c"/>
      </object_component>
      <object_component id="oc-8d1">
         <name>.text:IntPendSet</name>
         <load_address>0x1004520</load_address>
         <run_address>0x1004520</run_address>
         <size>0x88</size>
         <input_file_ref idref="fl-23"/>
      </object_component>
      <object_component id="oc-2f4">
         <name>.text:PinConfigSet</name>
         <load_address>0x10045a8</load_address>
         <run_address>0x10045a8</run_address>
         <size>0x88</size>
         <input_file_ref idref="fl-24"/>
      </object_component>
      <object_component id="oc-86b">
         <name>.text:TimerCC32XX_setPeriod</name>
         <load_address>0x1004630</load_address>
         <run_address>0x1004630</run_address>
         <size>0x88</size>
         <input_file_ref idref="fl-15"/>
      </object_component>
      <object_component id="oc-5f3">
         <name>.text:__aeabi_cdcmple</name>
         <load_address>0x10046b8</load_address>
         <run_address>0x10046b8</run_address>
         <size>0x86</size>
         <input_file_ref idref="fl-ee"/>
      </object_component>
      <object_component id="oc-798">
         <name>.text:__aeabi_cdrcmple</name>
         <load_address>0x100473e</load_address>
         <run_address>0x100473e</run_address>
         <size>0x86</size>
         <input_file_ref idref="fl-ee"/>
      </object_component>
      <object_component id="oc-1d4">
         <name>.text:Power_init</name>
         <load_address>0x10047c4</load_address>
         <run_address>0x10047c4</run_address>
         <size>0x84</size>
         <input_file_ref idref="fl-13"/>
      </object_component>
      <object_component id="oc-6ee">
         <name>.text:saveNVICRegs</name>
         <load_address>0x1004848</load_address>
         <run_address>0x1004848</run_address>
         <size>0x84</size>
         <input_file_ref idref="fl-13"/>
      </object_component>
      <object_component id="oc-2fa">
         <name>.text:Power_setDependency</name>
         <load_address>0x10048cc</load_address>
         <run_address>0x10048cc</run_address>
         <size>0x80</size>
         <input_file_ref idref="fl-13"/>
      </object_component>
      <object_component id="oc-a38">
         <name>.text:readIsrBinaryBlocking</name>
         <load_address>0x100494c</load_address>
         <run_address>0x100494c</run_address>
         <size>0x7c</size>
         <input_file_ref idref="fl-16"/>
      </object_component>
      <object_component id="oc-658">
         <name>.text:I2CCC32XX_primeReadBurst</name>
         <load_address>0x10049c8</load_address>
         <run_address>0x10049c8</run_address>
         <size>0x7a</size>
         <input_file_ref idref="fl-12"/>
      </object_component>
      <object_component id="oc-6b8">
         <name>.text</name>
         <load_address>0x1004a42</load_address>
         <run_address>0x1004a42</run_address>
         <size>0x7a</size>
         <input_file_ref idref="fl-e0"/>
      </object_component>
      <object_component id="oc-9e">
         <name>.text</name>
         <load_address>0x1004abc</load_address>
         <run_address>0x1004abc</run_address>
         <size>0x7a</size>
         <input_file_ref idref="fl-f3"/>
      </object_component>
      <object_component id="oc-6e">
         <name>.text:defaultHandler</name>
         <load_address>0x1004b36</load_address>
         <run_address>0x1004b36</run_address>
         <size>0x2</size>
         <input_file_ref idref="fl-1e"/>
      </object_component>
      <object_component id="oc-31e">
         <name>.text:GPIO_hwiIntFxn</name>
         <load_address>0x1004b38</load_address>
         <run_address>0x1004b38</run_address>
         <size>0x78</size>
         <input_file_ref idref="fl-11"/>
      </object_component>
      <object_component id="oc-871">
         <name>.text:TimerCC32XX_start</name>
         <load_address>0x1004bb0</load_address>
         <run_address>0x1004bb0</run_address>
         <size>0x78</size>
         <input_file_ref idref="fl-15"/>
      </object_component>
      <object_component id="oc-a4a">
         <name>.text:readIsrBinaryCallback</name>
         <load_address>0x1004c28</load_address>
         <run_address>0x1004c28</run_address>
         <size>0x78</size>
         <input_file_ref idref="fl-16"/>
      </object_component>
      <object_component id="oc-387">
         <name>.text:timerCallback</name>
         <load_address>0x1004ca0</load_address>
         <run_address>0x1004ca0</run_address>
         <size>0x78</size>
         <input_file_ref idref="fl-2"/>
      </object_component>
      <object_component id="oc-938">
         <name>.text:UARTCC32XX_hwiIntFxn</name>
         <load_address>0x1004d18</load_address>
         <run_address>0x1004d18</run_address>
         <size>0x74</size>
         <input_file_ref idref="fl-16"/>
      </object_component>
      <object_component id="oc-160">
         <name>.text:mainThread</name>
         <load_address>0x1004d8c</load_address>
         <run_address>0x1004d8c</run_address>
         <size>0x70</size>
         <input_file_ref idref="fl-2"/>
      </object_component>
      <object_component id="oc-735">
         <name>.text:split</name>
         <load_address>0x1004dfc</load_address>
         <run_address>0x1004dfc</run_address>
         <size>0x70</size>
         <input_file_ref idref="fl-e9"/>
      </object_component>
      <object_component id="oc-397">
         <name>.text:updateUART</name>
         <load_address>0x1004e6c</load_address>
         <run_address>0x1004e6c</run_address>
         <size>0x70</size>
         <input_file_ref idref="fl-2"/>
      </object_component>
      <object_component id="oc-7b8">
         <name>.text:_mcpy</name>
         <load_address>0x1004edc</load_address>
         <run_address>0x1004edc</run_address>
         <size>0x6e</size>
         <input_file_ref idref="fl-eb"/>
      </object_component>
      <object_component id="oc-68b">
         <name>.text:I2CSupport_primeTransfer</name>
         <load_address>0x1004f4a</load_address>
         <run_address>0x1004f4a</run_address>
         <size>0x6a</size>
         <input_file_ref idref="fl-12"/>
      </object_component>
      <object_component id="oc-15">
         <name>.text:decompress:lzss:__TI_decompress_lzss</name>
         <load_address>0x1004fb4</load_address>
         <run_address>0x1004fb4</run_address>
         <size>0x68</size>
         <input_file_ref idref="fl-e8"/>
      </object_component>
      <object_component id="oc-777">
         <name>.text:UARTCC32XX_writeCancel</name>
         <load_address>0x100501c</load_address>
         <run_address>0x100501c</run_address>
         <size>0x66</size>
         <input_file_ref idref="fl-16"/>
      </object_component>
      <object_component id="oc-68">
         <name>.text:faultISR</name>
         <load_address>0x1005082</load_address>
         <run_address>0x1005082</run_address>
         <size>0x2</size>
         <input_file_ref idref="fl-1e"/>
      </object_component>
      <object_component id="oc-44e">
         <name>.text:PowerCC32XX_setParkState</name>
         <load_address>0x1005084</load_address>
         <run_address>0x1005084</run_address>
         <size>0x64</size>
         <input_file_ref idref="fl-13"/>
      </object_component>
      <object_component id="oc-771">
         <name>.text:UARTCC32XX_writePolling</name>
         <load_address>0x10050e8</load_address>
         <run_address>0x10050e8</run_address>
         <size>0x62</size>
         <input_file_ref idref="fl-16"/>
      </object_component>
      <object_component id="oc-62">
         <name>.text:nmiISR</name>
         <load_address>0x100514a</load_address>
         <run_address>0x100514a</run_address>
         <size>0x2</size>
         <input_file_ref idref="fl-1e"/>
      </object_component>
      <object_component id="oc-276">
         <name>.text:PRCMSysResetCauseGet</name>
         <load_address>0x100514c</load_address>
         <run_address>0x100514c</run_address>
         <size>0x60</size>
         <input_file_ref idref="fl-25"/>
      </object_component>
      <object_component id="oc-1ee">
         <name>.text:GPIO_setCallback</name>
         <load_address>0x10051ac</load_address>
         <run_address>0x10051ac</run_address>
         <size>0x5c</size>
         <input_file_ref idref="fl-11"/>
      </object_component>
      <object_component id="oc-7cd">
         <name>.text:frexp</name>
         <load_address>0x1005208</load_address>
         <run_address>0x1005208</run_address>
         <size>0x5c</size>
         <input_file_ref idref="fl-102"/>
      </object_component>
      <object_component id="oc-891">
         <name>.text:sysTickInit</name>
         <load_address>0x1005264</load_address>
         <run_address>0x1005264</run_address>
         <size>0x5c</size>
         <input_file_ref idref="fl-1b"/>
      </object_component>
      <object_component id="oc-503">
         <name>.text:GPIO_write</name>
         <load_address>0x10052c0</load_address>
         <run_address>0x10052c0</run_address>
         <size>0x58</size>
         <input_file_ref idref="fl-11"/>
      </object_component>
      <object_component id="oc-28f">
         <name>.text:PRCMPeripheralReset</name>
         <load_address>0x1005318</load_address>
         <run_address>0x1005318</run_address>
         <size>0x58</size>
         <input_file_ref idref="fl-25"/>
      </object_component>
      <object_component id="oc-8f0">
         <name>.text:Power_releaseDependency</name>
         <load_address>0x1005370</load_address>
         <run_address>0x1005370</run_address>
         <size>0x58</size>
         <input_file_ref idref="fl-13"/>
      </object_component>
      <object_component id="oc-877">
         <name>.text:TimerCC32XX_stop</name>
         <load_address>0x10053c8</load_address>
         <run_address>0x10053c8</run_address>
         <size>0x56</size>
         <input_file_ref idref="fl-15"/>
      </object_component>
      <object_component id="oc-5fe">
         <name>.text:_pconv_f</name>
         <load_address>0x100541e</load_address>
         <run_address>0x100541e</run_address>
         <size>0x56</size>
         <input_file_ref idref="fl-eb"/>
      </object_component>
      <object_component id="oc-7a2">
         <name>.text:__TI_ltoa</name>
         <load_address>0x1005474</load_address>
         <run_address>0x1005474</run_address>
         <size>0x54</size>
         <input_file_ref idref="fl-f9"/>
      </object_component>
      <object_component id="oc-391">
         <name>.text:checkTemp</name>
         <load_address>0x10054c8</load_address>
         <run_address>0x10054c8</run_address>
         <size>0x54</size>
         <input_file_ref idref="fl-2"/>
      </object_component>
      <object_component id="oc-ac5">
         <name>.text:ringBufGet</name>
         <load_address>0x100551c</load_address>
         <run_address>0x100551c</run_address>
         <size>0x54</size>
         <input_file_ref idref="fl-16"/>
      </object_component>
      <object_component id="oc-8ae">
         <name>.text:PowerCC32XX_resumeLPDS</name>
         <load_address>0x1005570</load_address>
         <run_address>0x1005570</run_address>
         <size>0x52</size>
         <input_file_ref idref="fl-14"/>
      </object_component>
      <object_component id="oc-7b2">
         <name>.text:_ecpy</name>
         <load_address>0x10055c2</load_address>
         <run_address>0x10055c2</run_address>
         <size>0x52</size>
         <input_file_ref idref="fl-eb"/>
      </object_component>
      <object_component id="oc-9c5">
         <name>.text:initHw</name>
         <load_address>0x1005614</load_address>
         <run_address>0x1005614</run_address>
         <size>0x52</size>
         <input_file_ref idref="fl-15"/>
      </object_component>
      <object_component id="oc-6dc">
         <name>.text</name>
         <load_address>0x1005666</load_address>
         <run_address>0x1005666</run_address>
         <size>0x2</size>
         <input_file_ref idref="fl-ec"/>
      </object_component>
      <object_component id="oc-7a">
         <name>.text:ClockP_sysTickHandler</name>
         <load_address>0x1005668</load_address>
         <run_address>0x1005668</run_address>
         <size>0x50</size>
         <input_file_ref idref="fl-1b"/>
      </object_component>
      <object_component id="oc-57e">
         <name>.text:SemaphoreP_construct</name>
         <load_address>0x10056b8</load_address>
         <run_address>0x10056b8</run_address>
         <size>0x50</size>
         <input_file_ref idref="fl-1a"/>
      </object_component>
      <object_component id="oc-9b9">
         <name>.text:TimerCC32XX_allocateTimerResource</name>
         <load_address>0x1005708</load_address>
         <run_address>0x1005708</run_address>
         <size>0x50</size>
         <input_file_ref idref="fl-15"/>
      </object_component>
      <object_component id="oc-206">
         <name>.text:initTimer</name>
         <load_address>0x1005758</load_address>
         <run_address>0x1005758</run_address>
         <size>0x50</size>
         <input_file_ref idref="fl-2"/>
      </object_component>
      <object_component id="oc-1f4">
         <name>.text:GPIO_enableInt</name>
         <load_address>0x10057a8</load_address>
         <run_address>0x10057a8</run_address>
         <size>0x4c</size>
         <input_file_ref idref="fl-11"/>
      </object_component>
      <object_component id="oc-64c">
         <name>.text:I2CCC32XX_readRecieveFifo</name>
         <load_address>0x10057f4</load_address>
         <run_address>0x10057f4</run_address>
         <size>0x4c</size>
         <input_file_ref idref="fl-12"/>
      </object_component>
      <object_component id="oc-8a5">
         <name>.text:PowerCC32XX_parkPin</name>
         <load_address>0x1005840</load_address>
         <run_address>0x1005840</run_address>
         <size>0x4c</size>
         <input_file_ref idref="fl-13"/>
      </object_component>
      <object_component id="oc-5e7">
         <name>.text:atoi</name>
         <load_address>0x100588c</load_address>
         <run_address>0x100588c</run_address>
         <size>0x4c</size>
         <input_file_ref idref="fl-fb"/>
      </object_component>
      <object_component id="oc-6ff">
         <name>.text:restorePeriphClocks</name>
         <load_address>0x10058d8</load_address>
         <run_address>0x10058d8</run_address>
         <size>0x4c</size>
         <input_file_ref idref="fl-13"/>
      </object_component>
      <object_component id="oc-342">
         <name>.text:snprintf</name>
         <load_address>0x1005924</load_address>
         <run_address>0x1005924</run_address>
         <size>0x4c</size>
         <input_file_ref idref="fl-df"/>
      </object_component>
      <object_component id="oc-8c9">
         <name>.text:FlashDisable</name>
         <load_address>0x1005970</load_address>
         <run_address>0x1005970</run_address>
         <size>0x48</size>
         <input_file_ref idref="fl-29"/>
      </object_component>
      <object_component id="oc-70b">
         <name>.text:PRCMLPDSEnter</name>
         <load_address>0x10059b8</load_address>
         <run_address>0x10059b8</run_address>
         <size>0x48</size>
         <input_file_ref idref="fl-25"/>
      </object_component>
      <object_component id="oc-289">
         <name>.text:PRCMPeripheralClkEnable</name>
         <load_address>0x1005a00</load_address>
         <run_address>0x1005a00</run_address>
         <size>0x48</size>
         <input_file_ref idref="fl-25"/>
      </object_component>
      <object_component id="oc-822">
         <name>.text:Power_releaseConstraint</name>
         <load_address>0x1005a48</load_address>
         <run_address>0x1005a48</run_address>
         <size>0x48</size>
         <input_file_ref idref="fl-13"/>
      </object_component>
      <object_component id="oc-79d">
         <name>.text</name>
         <load_address>0x1005a90</load_address>
         <run_address>0x1005a90</run_address>
         <size>0x48</size>
         <input_file_ref idref="fl-f1"/>
      </object_component>
      <object_component id="oc-ab2">
         <name>.text:RingBuf_put</name>
         <load_address>0x1005ad8</load_address>
         <run_address>0x1005ad8</run_address>
         <size>0x46</size>
         <input_file_ref idref="fl-18"/>
      </object_component>
      <object_component id="oc-9bf">
         <name>.text:getPrescaler</name>
         <load_address>0x1005b1e</load_address>
         <run_address>0x1005b1e</run_address>
         <size>0x46</size>
         <input_file_ref idref="fl-15"/>
      </object_component>
      <object_component id="oc-5a6">
         <name>.text:ClockP_stop</name>
         <load_address>0x1005b64</load_address>
         <run_address>0x1005b64</run_address>
         <size>0x44</size>
         <input_file_ref idref="fl-1b"/>
      </object_component>
      <object_component id="oc-8b3">
         <name>.text:PRCMLPDSRestoreInfoSet</name>
         <load_address>0x1005ba8</load_address>
         <run_address>0x1005ba8</run_address>
         <size>0x44</size>
         <input_file_ref idref="fl-25"/>
      </object_component>
      <object_component id="oc-6f4">
         <name>.text:PowerCC32XX_enterLPDS</name>
         <load_address>0x1005bec</load_address>
         <run_address>0x1005bec</run_address>
         <size>0x44</size>
         <input_file_ref idref="fl-14"/>
      </object_component>
      <object_component id="oc-2da">
         <name>.text:SemaphoreP_post</name>
         <load_address>0x1005c30</load_address>
         <run_address>0x1005c30</run_address>
         <size>0x44</size>
         <input_file_ref idref="fl-1a"/>
      </object_component>
      <object_component id="oc-56e">
         <name>.text:SwiP_restore</name>
         <load_address>0x1005c74</load_address>
         <run_address>0x1005c74</run_address>
         <size>0x44</size>
         <input_file_ref idref="fl-1f"/>
      </object_component>
      <object_component id="oc-36f">
         <name>.text:Timer_init</name>
         <load_address>0x1005cb8</load_address>
         <run_address>0x1005cb8</run_address>
         <size>0x44</size>
         <input_file_ref idref="fl-f"/>
      </object_component>
      <object_component id="oc-32e">
         <name>.text:UART_init</name>
         <load_address>0x1005cfc</load_address>
         <run_address>0x1005cfc</run_address>
         <size>0x44</size>
         <input_file_ref idref="fl-10"/>
      </object_component>
      <object_component id="oc-173">
         <name>.text:__TI_auto_init_nobinit_nopinit:__TI_auto_init_nobinit_nopinit</name>
         <load_address>0x1005d40</load_address>
         <run_address>0x1005d40</run_address>
         <size>0x44</size>
         <input_file_ref idref="fl-f4"/>
      </object_component>
      <object_component id="oc-1fa">
         <name>.text:initUART</name>
         <load_address>0x1005d84</load_address>
         <run_address>0x1005d84</run_address>
         <size>0x44</size>
         <input_file_ref idref="fl-2"/>
      </object_component>
      <object_component id="oc-a27">
         <name>.text:ClockP_construct</name>
         <load_address>0x1005dc8</load_address>
         <run_address>0x1005dc8</run_address>
         <size>0x40</size>
         <input_file_ref idref="fl-1b"/>
      </object_component>
      <object_component id="oc-2a1">
         <name>.text:PinModeSet</name>
         <load_address>0x1005e08</load_address>
         <run_address>0x1005e08</run_address>
         <size>0x40</size>
         <input_file_ref idref="fl-24"/>
      </object_component>
      <object_component id="oc-952">
         <name>.text:RingBuf_get</name>
         <load_address>0x1005e48</load_address>
         <run_address>0x1005e48</run_address>
         <size>0x40</size>
         <input_file_ref idref="fl-18"/>
      </object_component>
      <object_component id="oc-37b">
         <name>.text:Timer_open</name>
         <load_address>0x1005e88</load_address>
         <run_address>0x1005e88</run_address>
         <size>0x40</size>
         <input_file_ref idref="fl-f"/>
      </object_component>
      <object_component id="oc-759">
         <name>.text:UARTCC32XX_read</name>
         <load_address>0x1005ec8</load_address>
         <run_address>0x1005ec8</run_address>
         <size>0x40</size>
         <input_file_ref idref="fl-16"/>
      </object_component>
      <object_component id="oc-33a">
         <name>.text:UART_open</name>
         <load_address>0x1005f08</load_address>
         <run_address>0x1005f08</run_address>
         <size>0x40</size>
         <input_file_ref idref="fl-10"/>
      </object_component>
      <object_component id="oc-20c">
         <name>.text:taskHandler</name>
         <load_address>0x1005f48</load_address>
         <run_address>0x1005f48</run_address>
         <size>0x40</size>
         <input_file_ref idref="fl-2"/>
      </object_component>
      <object_component id="oc-7c5">
         <name>.text:_fcpy</name>
         <load_address>0x1005f88</load_address>
         <run_address>0x1005f88</run_address>
         <size>0x3e</size>
         <input_file_ref idref="fl-eb"/>
      </object_component>
      <object_component id="oc-41e">
         <name>.text:ClockP_destruct</name>
         <load_address>0x1005fc8</load_address>
         <run_address>0x1005fc8</run_address>
         <size>0x3c</size>
         <input_file_ref idref="fl-1b"/>
      </object_component>
      <object_component id="oc-829">
         <name>.text:Power_setConstraint</name>
         <load_address>0x1006004</load_address>
         <run_address>0x1006004</run_address>
         <size>0x3c</size>
         <input_file_ref idref="fl-13"/>
      </object_component>
      <object_component id="oc-84d">
         <name>.text:TimerCC32XX_close</name>
         <load_address>0x1006040</load_address>
         <run_address>0x1006040</run_address>
         <size>0x3a</size>
         <input_file_ref idref="fl-15"/>
      </object_component>
      <object_component id="oc-552">
         <name>.text:getCountsRTC</name>
         <load_address>0x100607a</load_address>
         <run_address>0x100607a</run_address>
         <size>0x3a</size>
         <input_file_ref idref="fl-1d"/>
      </object_component>
      <object_component id="oc-711">
         <name>.text:PRCMLPDSEnterKeepDebugIf</name>
         <load_address>0x10060b4</load_address>
         <run_address>0x10060b4</run_address>
         <size>0x38</size>
         <input_file_ref idref="fl-25"/>
      </object_component>
      <object_component id="oc-9d1">
         <name>.text:TimerCC32XX_hwiIntFunction</name>
         <load_address>0x10060ec</load_address>
         <run_address>0x10060ec</run_address>
         <size>0x38</size>
         <input_file_ref idref="fl-15"/>
      </object_component>
      <object_component id="oc-dc">
         <name>.text:addToList</name>
         <load_address>0x1006124</load_address>
         <run_address>0x1006124</run_address>
         <size>0x38</size>
         <input_file_ref idref="fl-1b"/>
      </object_component>
      <object_component id="oc-38b">
         <name>.text:checkButton</name>
         <load_address>0x100615c</load_address>
         <run_address>0x100615c</run_address>
         <size>0x38</size>
         <input_file_ref idref="fl-2"/>
      </object_component>
      <object_component id="oc-5a">
         <name>.text:initVectors</name>
         <load_address>0x1006194</load_address>
         <run_address>0x1006194</run_address>
         <size>0x38</size>
         <input_file_ref idref="fl-1e"/>
      </object_component>
      <object_component id="oc-6e2">
         <name>.text:notify</name>
         <load_address>0x10061cc</load_address>
         <run_address>0x10061cc</run_address>
         <size>0x38</size>
         <input_file_ref idref="fl-13"/>
      </object_component>
      <object_component id="oc-6bd">
         <name>.text</name>
         <load_address>0x1006204</load_address>
         <run_address>0x1006204</run_address>
         <size>0x38</size>
         <input_file_ref idref="fl-e1"/>
      </object_component>
      <object_component id="oc-6b3">
         <name>.text</name>
         <load_address>0x100623c</load_address>
         <run_address>0x100623c</run_address>
         <size>0x38</size>
         <input_file_ref idref="fl-e2"/>
      </object_component>
      <object_component id="oc-a90">
         <name>.text:TimerControlStall</name>
         <load_address>0x1006274</load_address>
         <run_address>0x1006274</run_address>
         <size>0x36</size>
         <input_file_ref idref="fl-26"/>
      </object_component>
      <object_component id="oc-765">
         <name>.text:UARTCC32XX_readCancel</name>
         <load_address>0x10062aa</load_address>
         <run_address>0x10062aa</run_address>
         <size>0x36</size>
         <input_file_ref idref="fl-16"/>
      </object_component>
      <object_component id="oc-540">
         <name>.text:ClockP_getTicksUntilInterrupt</name>
         <load_address>0x10062e0</load_address>
         <run_address>0x10062e0</run_address>
         <size>0x34</size>
         <input_file_ref idref="fl-1b"/>
      </object_component>
      <object_component id="oc-6d3">
         <name>.text:ClockP_startup</name>
         <load_address>0x1006314</load_address>
         <run_address>0x1006314</run_address>
         <size>0x34</size>
         <input_file_ref idref="fl-1b"/>
      </object_component>
      <object_component id="oc-29b">
         <name>.text:PinModeGet</name>
         <load_address>0x1006348</load_address>
         <run_address>0x1006348</run_address>
         <size>0x34</size>
         <input_file_ref idref="fl-24"/>
      </object_component>
      <object_component id="oc-8f6">
         <name>.text:PowerCC32XX_restoreParkState</name>
         <load_address>0x100637c</load_address>
         <run_address>0x100637c</run_address>
         <size>0x34</size>
         <input_file_ref idref="fl-13"/>
      </object_component>
      <object_component id="oc-9af">
         <name>.text:TimerCC32XX_freeTimerResource</name>
         <load_address>0x10063b0</load_address>
         <run_address>0x10063b0</run_address>
         <size>0x34</size>
         <input_file_ref idref="fl-15"/>
      </object_component>
      <object_component id="oc-a84">
         <name>.text:getPowerMgrId</name>
         <load_address>0x10063e4</load_address>
         <run_address>0x10063e4</run_address>
         <size>0x34</size>
         <input_file_ref idref="fl-15"/>
      </object_component>
      <object_component id="oc-40c">
         <name>.text:ClockP_start</name>
         <load_address>0x1006418</load_address>
         <run_address>0x1006418</run_address>
         <size>0x30</size>
         <input_file_ref idref="fl-1b"/>
      </object_component>
      <object_component id="oc-8c2">
         <name>.text:PowerCC32XX_restoreParkedPin</name>
         <load_address>0x1006448</load_address>
         <run_address>0x1006448</run_address>
         <size>0x30</size>
         <input_file_ref idref="fl-13"/>
      </object_component>
      <object_component id="oc-495">
         <name>.text:_outs</name>
         <load_address>0x1006478</load_address>
         <run_address>0x1006478</run_address>
         <size>0x30</size>
         <input_file_ref idref="fl-df"/>
      </object_component>
      <object_component id="oc-7a8">
         <name>.text</name>
         <load_address>0x10064a8</load_address>
         <run_address>0x10064a8</run_address>
         <size>0x2e</size>
         <input_file_ref idref="fl-f2"/>
      </object_component>
      <object_component id="oc-917">
         <name>.text:PowerCC32XX_getParkState</name>
         <load_address>0x10064d8</load_address>
         <run_address>0x10064d8</run_address>
         <size>0x2c</size>
         <input_file_ref idref="fl-13"/>
      </object_component>
      <object_component id="oc-306">
         <name>.text:HwiP_create</name>
         <load_address>0x1006504</load_address>
         <run_address>0x1006504</run_address>
         <size>0x2a</size>
         <input_file_ref idref="fl-1c"/>
      </object_component>
      <object_component id="oc-9de">
         <name>.text:TimerLoadSet</name>
         <load_address>0x100652e</load_address>
         <run_address>0x100652e</run_address>
         <size>0x2a</size>
         <input_file_ref idref="fl-26"/>
      </object_component>
      <object_component id="oc-9d8">
         <name>.text:TimerPrescaleSet</name>
         <load_address>0x1006558</load_address>
         <run_address>0x1006558</run_address>
         <size>0x2a</size>
         <input_file_ref idref="fl-26"/>
      </object_component>
      <object_component id="oc-664">
         <name>.text:I2CFIFODataPutNonBlocking</name>
         <load_address>0x1006582</load_address>
         <run_address>0x1006582</run_address>
         <size>0x28</size>
         <input_file_ref idref="fl-22"/>
      </object_component>
      <object_component id="oc-295">
         <name>.text:PRCMPeripheralClkDisable</name>
         <load_address>0x10065ac</load_address>
         <run_address>0x10065ac</run_address>
         <size>0x28</size>
         <input_file_ref idref="fl-25"/>
      </object_component>
      <object_component id="oc-2d4">
         <name>.text:Power_registerNotify</name>
         <load_address>0x10065d4</load_address>
         <run_address>0x10065d4</run_address>
         <size>0x28</size>
         <input_file_ref idref="fl-13"/>
      </object_component>
      <object_component id="oc-59e">
         <name>.text:free_list_insert</name>
         <load_address>0x10065fc</load_address>
         <run_address>0x10065fc</run_address>
         <size>0x28</size>
         <input_file_ref idref="fl-e9"/>
      </object_component>
      <object_component id="oc-7fe">
         <name>.text:I2CFIFODataGetNonBlocking</name>
         <load_address>0x1006624</load_address>
         <run_address>0x1006624</run_address>
         <size>0x26</size>
         <input_file_ref idref="fl-22"/>
      </object_component>
      <object_component id="oc-697">
         <name>.text:I2C_cancel</name>
         <load_address>0x100664a</load_address>
         <run_address>0x100664a</run_address>
         <size>0x26</size>
         <input_file_ref idref="fl-e"/>
      </object_component>
      <object_component id="oc-42e">
         <name>.text:List_put</name>
         <load_address>0x1006670</load_address>
         <run_address>0x1006670</run_address>
         <size>0x26</size>
         <input_file_ref idref="fl-17"/>
      </object_component>
      <object_component id="oc-a17">
         <name>.text:List_remove</name>
         <load_address>0x1006696</load_address>
         <run_address>0x1006696</run_address>
         <size>0x26</size>
         <input_file_ref idref="fl-17"/>
      </object_component>
      <object_component id="oc-5c6">
         <name>.text:HwiP_dispatch</name>
         <load_address>0x10066bc</load_address>
         <run_address>0x10066bc</run_address>
         <size>0x24</size>
         <input_file_ref idref="fl-1c"/>
      </object_component>
      <object_component id="oc-911">
         <name>.text:PowerCC32XX_reset</name>
         <load_address>0x10066e0</load_address>
         <run_address>0x10066e0</run_address>
         <size>0x24</size>
         <input_file_ref idref="fl-13"/>
      </object_component>
      <object_component id="oc-c6">
         <name>.text:_c_int00_noargs:_c_int00_noargs</name>
         <load_address>0x1006704</load_address>
         <run_address>0x1006704</run_address>
         <size>0x24</size>
         <input_file_ref idref="fl-ea"/>
      </object_component>
      <object_component id="oc-806">
         <name>.text:I2CMasterSlaveAddrSet</name>
         <load_address>0x1006728</load_address>
         <run_address>0x1006728</run_address>
         <size>0x22</size>
         <input_file_ref idref="fl-22"/>
      </object_component>
      <object_component id="oc-a0f">
         <name>.text:HwiP_destruct</name>
         <load_address>0x100674a</load_address>
         <run_address>0x100674a</run_address>
         <size>0x20</size>
         <input_file_ref idref="fl-1c"/>
      </object_component>
      <object_component id="oc-8ea">
         <name>.text:Power_unregisterNotify</name>
         <load_address>0x100676c</load_address>
         <run_address>0x100676c</run_address>
         <size>0x20</size>
         <input_file_ref idref="fl-13"/>
      </object_component>
      <object_component id="oc-8fd">
         <name>.text:RingBuf_peek</name>
         <load_address>0x100678c</load_address>
         <run_address>0x100678c</run_address>
         <size>0x20</size>
         <input_file_ref idref="fl-18"/>
      </object_component>
      <object_component id="oc-90b">
         <name>.text:getPowerMgrId</name>
         <load_address>0x10067ac</load_address>
         <run_address>0x10067ac</run_address>
         <size>0x20</size>
         <input_file_ref idref="fl-16"/>
      </object_component>
      <object_component id="oc-640">
         <name>.text:I2CMasterIntStatusEx</name>
         <load_address>0x10067cc</load_address>
         <run_address>0x10067cc</run_address>
         <size>0x1e</size>
         <input_file_ref idref="fl-22"/>
      </object_component>
      <object_component id="oc-4be">
         <name>.text:SemaphoreP_constructBinary</name>
         <load_address>0x10067ea</load_address>
         <run_address>0x10067ea</run_address>
         <size>0x1e</size>
         <input_file_ref idref="fl-1a"/>
      </object_component>
      <object_component id="oc-9f2">
         <name>.text:TimerDisable</name>
         <load_address>0x1006808</load_address>
         <run_address>0x1006808</run_address>
         <size>0x1e</size>
         <input_file_ref idref="fl-26"/>
      </object_component>
      <object_component id="oc-9eb">
         <name>.text:TimerEnable</name>
         <load_address>0x1006826</load_address>
         <run_address>0x1006826</run_address>
         <size>0x1e</size>
         <input_file_ref idref="fl-26"/>
      </object_component>
      <object_component id="oc-89f">
         <name>.text:PinToPadGet</name>
         <load_address>0x1006844</load_address>
         <run_address>0x1006844</run_address>
         <size>0x1c</size>
         <input_file_ref idref="fl-24"/>
      </object_component>
      <object_component id="oc-534">
         <name>.text:SwiP_disable</name>
         <load_address>0x1006860</load_address>
         <run_address>0x1006860</run_address>
         <size>0x1c</size>
         <input_file_ref idref="fl-1f"/>
      </object_component>
      <object_component id="oc-48">
         <name>.text:decompress:ZI:__TI_zero_init_nomemset:__TI_zero_init_nomemset</name>
         <load_address>0x100687c</load_address>
         <run_address>0x100687c</run_address>
         <size>0x1c</size>
         <input_file_ref idref="fl-e6"/>
      </object_component>
      <object_component id="oc-598">
         <name>.text:free_list_remove</name>
         <load_address>0x1006898</load_address>
         <run_address>0x1006898</run_address>
         <size>0x1c</size>
         <input_file_ref idref="fl-e9"/>
      </object_component>
      <object_component id="oc-610">
         <name>.text:memccpy</name>
         <load_address>0x10068b4</load_address>
         <run_address>0x10068b4</run_address>
         <size>0x1c</size>
         <input_file_ref idref="fl-fd"/>
      </object_component>
      <object_component id="oc-923">
         <name>.text:ClockP_create</name>
         <load_address>0x10068d0</load_address>
         <run_address>0x10068d0</run_address>
         <size>0x1a</size>
         <input_file_ref idref="fl-1b"/>
      </object_component>
      <object_component id="oc-2b6">
         <name>.text:SemaphoreP_createBinary</name>
         <load_address>0x10068ea</load_address>
         <run_address>0x10068ea</run_address>
         <size>0x1a</size>
         <input_file_ref idref="fl-1a"/>
      </object_component>
      <object_component id="oc-22">
         <name>.text:resetISR</name>
         <load_address>0x1006904</load_address>
         <run_address>0x1006904</run_address>
         <size>0x1a</size>
         <input_file_ref idref="fl-1e"/>
      </object_component>
      <object_component id="oc-83d">
         <name>.text:I2CMasterBusBusy</name>
         <load_address>0x100691e</load_address>
         <run_address>0x100691e</run_address>
         <size>0x18</size>
         <input_file_ref idref="fl-22"/>
      </object_component>
      <object_component id="oc-652">
         <name>.text:I2CMasterIntDisableEx</name>
         <load_address>0x1006936</load_address>
         <run_address>0x1006936</run_address>
         <size>0x18</size>
         <input_file_ref idref="fl-22"/>
      </object_component>
      <object_component id="oc-818">
         <name>.text:I2CMasterIntEnableEx</name>
         <load_address>0x100694e</load_address>
         <run_address>0x100694e</run_address>
         <size>0x18</size>
         <input_file_ref idref="fl-22"/>
      </object_component>
      <object_component id="oc-837">
         <name>.text:I2CRxFIFOFlush</name>
         <load_address>0x1006966</load_address>
         <run_address>0x1006966</run_address>
         <size>0x18</size>
         <input_file_ref idref="fl-22"/>
      </object_component>
      <object_component id="oc-831">
         <name>.text:I2CTxFIFOFlush</name>
         <load_address>0x100697e</load_address>
         <run_address>0x100697e</run_address>
         <size>0x18</size>
         <input_file_ref idref="fl-22"/>
      </object_component>
      <object_component id="oc-546">
         <name>.text:Power_getTransitionLatency</name>
         <load_address>0x1006998</load_address>
         <run_address>0x1006998</run_address>
         <size>0x18</size>
         <input_file_ref idref="fl-13"/>
      </object_component>
      <object_component id="oc-724">
         <name>.text:Power_idleFunc</name>
         <load_address>0x10069b0</load_address>
         <run_address>0x10069b0</run_address>
         <size>0x18</size>
         <input_file_ref idref="fl-13"/>
      </object_component>
      <object_component id="oc-859">
         <name>.text:TimerCC32XX_getCount</name>
         <load_address>0x10069c8</load_address>
         <run_address>0x10069c8</run_address>
         <size>0x18</size>
         <input_file_ref idref="fl-15"/>
      </object_component>
      <object_component id="oc-9f8">
         <name>.text:TimerIntDisable</name>
         <load_address>0x10069e0</load_address>
         <run_address>0x10069e0</run_address>
         <size>0x18</size>
         <input_file_ref idref="fl-26"/>
      </object_component>
      <object_component id="oc-9e5">
         <name>.text:TimerIntEnable</name>
         <load_address>0x10069f8</load_address>
         <run_address>0x10069f8</run_address>
         <size>0x18</size>
         <input_file_ref idref="fl-26"/>
      </object_component>
      <object_component id="oc-95a">
         <name>.text:UARTBusy</name>
         <load_address>0x1006a10</load_address>
         <run_address>0x1006a10</run_address>
         <size>0x18</size>
         <input_file_ref idref="fl-27"/>
      </object_component>
      <object_component id="oc-a6b">
         <name>.text:UARTIntEnable</name>
         <load_address>0x1006a28</load_address>
         <run_address>0x1006a28</run_address>
         <size>0x18</size>
         <input_file_ref idref="fl-27"/>
      </object_component>
      <object_component id="oc-334">
         <name>.text:UART_Params_init</name>
         <load_address>0x1006a40</load_address>
         <run_address>0x1006a40</run_address>
         <size>0x18</size>
         <input_file_ref idref="fl-10"/>
      </object_component>
      <object_component id="oc-49b">
         <name>.text:_outc</name>
         <load_address>0x1006a58</load_address>
         <run_address>0x1006a58</run_address>
         <size>0x18</size>
         <input_file_ref idref="fl-df"/>
      </object_component>
      <object_component id="oc-212">
         <name>.text:gpioButtonFxn0</name>
         <load_address>0x1006a70</load_address>
         <run_address>0x1006a70</run_address>
         <size>0x18</size>
         <input_file_ref idref="fl-2"/>
      </object_component>
      <object_component id="oc-218">
         <name>.text:gpioButtonFxn1</name>
         <load_address>0x1006a88</load_address>
         <run_address>0x1006a88</run_address>
         <size>0x18</size>
         <input_file_ref idref="fl-2"/>
      </object_component>
      <object_component id="oc-563">
         <name>.text</name>
         <load_address>0x1006aa0</load_address>
         <run_address>0x1006aa0</run_address>
         <size>0x18</size>
         <input_file_ref idref="fl-e3"/>
      </object_component>
      <object_component id="oc-812">
         <name>.text:I2CMasterBurstLengthSet</name>
         <load_address>0x1006ab8</load_address>
         <run_address>0x1006ab8</run_address>
         <size>0x16</size>
         <input_file_ref idref="fl-22"/>
      </object_component>
      <object_component id="oc-283">
         <name>.text:PRCMHIBRegRead</name>
         <load_address>0x1006ace</load_address>
         <run_address>0x1006ace</run_address>
         <size>0x16</size>
         <input_file_ref idref="fl-25"/>
      </object_component>
      <object_component id="oc-27d">
         <name>.text:PRCMHIBRegWrite</name>
         <load_address>0x1006ae4</load_address>
         <run_address>0x1006ae4</run_address>
         <size>0x16</size>
         <input_file_ref idref="fl-25"/>
      </object_component>
      <object_component id="oc-3f4">
         <name>.text:SemaphoreP_create</name>
         <load_address>0x1006afa</load_address>
         <run_address>0x1006afa</run_address>
         <size>0x16</size>
         <input_file_ref idref="fl-1a"/>
      </object_component>
      <object_component id="oc-7d9">
         <name>.text:strchr</name>
         <load_address>0x1006b10</load_address>
         <run_address>0x1006b10</run_address>
         <size>0x16</size>
         <input_file_ref idref="fl-fe"/>
      </object_component>
      <object_component id="oc-a4">
         <name>.text:CPUcpsid</name>
         <load_address>0x1006b26</load_address>
         <run_address>0x1006b26</run_address>
         <size>0x14</size>
         <input_file_ref idref="fl-21"/>
      </object_component>
      <object_component id="oc-435">
         <name>.text:HwiP_inISR</name>
         <load_address>0x1006b3c</load_address>
         <run_address>0x1006b3c</run_address>
         <size>0x14</size>
         <input_file_ref idref="fl-1c"/>
      </object_component>
      <object_component id="oc-845">
         <name>.text:I2CSupport_masterFinish</name>
         <load_address>0x1006b50</load_address>
         <run_address>0x1006b50</run_address>
         <size>0x14</size>
         <input_file_ref idref="fl-12"/>
      </object_component>
      <object_component id="oc-360">
         <name>.text:I2C_transfer</name>
         <load_address>0x1006b64</load_address>
         <run_address>0x1006b64</run_address>
         <size>0x14</size>
         <input_file_ref idref="fl-e"/>
      </object_component>
      <object_component id="oc-b0">
         <name>.text:IntVTableBaseSet</name>
         <load_address>0x1006b78</load_address>
         <run_address>0x1006b78</run_address>
         <size>0x14</size>
         <input_file_ref idref="fl-23"/>
      </object_component>
      <object_component id="oc-43b">
         <name>.text:Power_disablePolicy</name>
         <load_address>0x1006b8c</load_address>
         <run_address>0x1006b8c</run_address>
         <size>0x14</size>
         <input_file_ref idref="fl-13"/>
      </object_component>
      <object_component id="oc-8bb">
         <name>.text:Power_getDependencyCount</name>
         <load_address>0x1006ba0</load_address>
         <run_address>0x1006ba0</run_address>
         <size>0x14</size>
         <input_file_ref idref="fl-13"/>
      </object_component>
      <object_component id="oc-a65">
         <name>.text:releasePowerConstraint</name>
         <load_address>0x1006bb4</load_address>
         <run_address>0x1006bb4</run_address>
         <size>0x14</size>
         <input_file_ref idref="fl-16"/>
      </object_component>
      <object_component id="oc-5e1">
         <name>.text:strlen</name>
         <load_address>0x1006bc8</load_address>
         <run_address>0x1006bc8</run_address>
         <size>0x14</size>
         <input_file_ref idref="fl-ff"/>
      </object_component>
      <object_component id="oc-300">
         <name>.text:HwiP_Params_init</name>
         <load_address>0x1006bdc</load_address>
         <run_address>0x1006bdc</run_address>
         <size>0x12</size>
         <input_file_ref idref="fl-1c"/>
      </object_component>
      <object_component id="oc-646">
         <name>.text:I2CMasterIntClearEx</name>
         <load_address>0x1006bee</load_address>
         <run_address>0x1006bee</run_address>
         <size>0x12</size>
         <input_file_ref idref="fl-22"/>
      </object_component>
      <object_component id="oc-905">
         <name>.text:RingBuf_construct</name>
         <load_address>0x1006c00</load_address>
         <run_address>0x1006c00</run_address>
         <size>0x12</size>
         <input_file_ref idref="fl-18"/>
      </object_component>
      <object_component id="oc-a98">
         <name>.text:TimerIntClear</name>
         <load_address>0x1006c12</load_address>
         <run_address>0x1006c12</run_address>
         <size>0x12</size>
         <input_file_ref idref="fl-26"/>
      </object_component>
      <object_component id="oc-11b">
         <name>.text:main</name>
         <load_address>0x1006c24</load_address>
[...]
         <value>0x1006cb9</value>
         <object_component_ref idref="oc-2c2"/>
      </symbol>
      <symbol id="sm-b50">
         <name>HwiP_disableInterrupt</name>
         <value>0x1006d45</value>
         <object_component_ref idref="oc-685"/>
      </symbol>
      <symbol id="sm-b80">
         <name>PowerCC32XX_initPolicy</name>
         <value>0x1002b37</value>
         <object_component_ref idref="oc-3dd"/>
      </symbol>
      <symbol id="sm-b81">
         <name>PowerCC32XX_sleepPolicy</name>
         <value>0x1002361</value>
         <object_component_ref idref="oc-3e3"/>
      </symbol>
      <symbol id="sm-bd6">
         <name>resetISR</name>
         <value>0x1006905</value>
         <object_component_ref idref="oc-22"/>
      </symbol>
      <symbol id="sm-bd7">
         <name>resetVectorAddr</name>
         <value>0x1006918</value>
         <object_component_ref idref="oc-22"/>
      </symbol>
      <symbol id="sm-bd8">
         <name>initVectors</name>
         <value>0x1006195</value>
         <object_component_ref idref="oc-5a"/>
      </symbol>
      <symbol id="sm-bd9">
         <name>resetVectors</name>
         <value>0x1000800</value>
         <object_component_ref idref="oc-28"/>
      </symbol>
      <symbol id="sm-c09">
         <name>SwiP_disable</name>
         <value>0x1006861</value>
         <object_component_ref idref="oc-534"/>
      </symbol>
      <symbol id="sm-c0a">
         <name>SwiP_restore</name>
         <value>0x1005c75</value>
         <object_component_ref idref="oc-56e"/>
      </symbol>
      <symbol id="sm-c15">
         <name>CPUcpsid</name>
         <value>0x1006b27</value>
         <object_component_ref idref="oc-a4"/>
      </symbol>
      <symbol id="sm-c82">
         <name>I2CRxFIFOFlush</name>
         <value>0x1006967</value>
         <object_component_ref idref="oc-837"/>
      </symbol>
      <symbol id="sm-c83">
         <name>I2CTxFIFOFlush</name>
         <value>0x100697f</value>
         <object_component_ref idref="oc-831"/>
      </symbol>
      <symbol id="sm-c84">
         <name>I2CFIFODataPutNonBlocking</name>
         <value>0x1006583</value>
         <object_component_ref idref="oc-664"/>
      </symbol>
      <symbol id="sm-c85">
         <name>I2CMasterBusBusy</name>
         <value>0x100691f</value>
         <object_component_ref idref="oc-83d"/>
      </symbol>
      <symbol id="sm-c86">
         <name>I2CMasterIntDisableEx</name>
         <value>0x1006937</value>
         <object_component_ref idref="oc-652"/>
      </symbol>
      <symbol id="sm-c87">
         <name>I2CMasterBurstLengthSet</name>
         <value>0x1006ab9</value>
         <object_component_ref idref="oc-812"/>
      </symbol>
      <symbol id="sm-c88">
         <name>I2CMasterIntClearEx</name>
         <value>0x1006bef</value>
         <object_component_ref idref="oc-646"/>
      </symbol>
      <symbol id="sm-c89">
         <name>I2CMasterSlaveAddrSet</name>
         <value>0x1006729</value>
         <object_component_ref idref="oc-806"/>
      </symbol>
      <symbol id="sm-c8a">
         <name>I2CMasterIntEnableEx</name>
         <value>0x100694f</value>
         <object_component_ref idref="oc-818"/>
      </symbol>
      <symbol id="sm-c8b">
         <name>I2CFIFOStatus</name>
         <value>0x1006cc9</value>
         <object_component_ref idref="oc-66a"/>
      </symbol>
      <symbol id="sm-c8c">
         <name>I2CMasterIntStatusEx</name>
         <value>0x10067cd</value>
         <object_component_ref idref="oc-640"/>
      </symbol>
      <symbol id="sm-c8d">
         <name>I2CFIFODataGetNonBlocking</name>
         <value>0x1006625</value>
         <object_component_ref idref="oc-7fe"/>
      </symbol>
      <symbol id="sm-cd2">
         <name>IntVTableBaseSet</name>
         <value>0x1006b79</value>
         <object_component_ref idref="oc-b0"/>
      </symbol>
      <symbol id="sm-cd3">
         <name>IntEnable</name>
         <value>0x1003e69</value>
         <object_component_ref idref="oc-b6"/>
      </symbol>
      <symbol id="sm-cd4">
         <name>IntMasterDisable</name>
         <value>0x1006de9</value>
         <object_component_ref idref="oc-54"/>
      </symbol>
      <symbol id="sm-cd5">
         <name>IntPendSet</name>
         <value>0x1004521</value>
         <object_component_ref idref="oc-8d1"/>
      </symbol>
      <symbol id="sm-d0f">
         <name>PinModeGet</name>
         <value>0x1006349</value>
         <object_component_ref idref="oc-29b"/>
      </symbol>
      <symbol id="sm-d10">
         <name>PinConfigSet</name>
         <value>0x10045a9</value>
         <object_component_ref idref="oc-2f4"/>
      </symbol>
      <symbol id="sm-d11">
         <name>PinModeSet</name>
         <value>0x1005e09</value>
         <object_component_ref idref="oc-2a1"/>
      </symbol>
      <symbol id="sm-d12">
         <name>PinToPadGet</name>
         <value>0x1006845</value>
         <object_component_ref idref="oc-89f"/>
      </symbol>
      <symbol id="sm-ddb">
         <name>PRCMLPDSRestoreInfoSet</name>
         <value>0x1005ba9</value>
         <object_component_ref idref="oc-8b3"/>
      </symbol>
      <symbol id="sm-ddc">
         <name>PRCMPeripheralReset</name>
         <value>0x1005319</value>
         <object_component_ref idref="oc-28f"/>
      </symbol>
      <symbol id="sm-ddd">
         <name>PRCMLPDSEnter</name>
         <value>0x10059b9</value>
         <object_component_ref idref="oc-70b"/>
      </symbol>
      <symbol id="sm-dde">
         <name>PRCMPeripheralClkEnable</name>
         <value>0x1005a01</value>
         <object_component_ref idref="oc-289"/>
      </symbol>
      <symbol id="sm-ddf">
         <name>PRCMLPDSEnterKeepDebugIf</name>
         <value>0x10060b5</value>
         <object_component_ref idref="oc-711"/>
      </symbol>
      <symbol id="sm-de0">
         <name>PRCMCC3200MCUInit</name>
         <value>0x1001291</value>
         <object_component_ref idref="oc-1ce"/>
      </symbol>
      <symbol id="sm-de1">
         <name>PRCMHIBRegWrite</name>
         <value>0x1006ae5</value>
         <object_component_ref idref="oc-27d"/>
      </symbol>
      <symbol id="sm-de2">
         <name>PRCMSysResetCauseGet</name>
         <value>0x100514d</value>
         <object_component_ref idref="oc-276"/>
      </symbol>
      <symbol id="sm-de3">
         <name>PRCMPeripheralClkDisable</name>
         <value>0x10065ad</value>
         <object_component_ref idref="oc-295"/>
      </symbol>
      <symbol id="sm-de4">
         <name>PRCMHIBRegRead</name>
         <value>0x1006acf</value>
         <object_component_ref idref="oc-283"/>
      </symbol>
      <symbol id="sm-e2c">
         <name>TimerLoadSet</name>
         <value>0x100652f</value>
         <object_component_ref idref="oc-9de"/>
      </symbol>
      <symbol id="sm-e2d">
         <name>TimerDisable</name>
         <value>0x1006809</value>
         <object_component_ref idref="oc-9f2"/>
      </symbol>
      <symbol id="sm-e2e">
         <name>TimerEnable</name>
         <value>0x1006827</value>
         <object_component_ref idref="oc-9eb"/>
      </symbol>
      <symbol id="sm-e2f">
         <name>TimerIntDisable</name>
         <value>0x10069e1</value>
         <object_component_ref idref="oc-9f8"/>
      </symbol>
      <symbol id="sm-e30">
         <name>TimerPrescaleSet</name>
         <value>0x1006559</value>
         <object_component_ref idref="oc-9d8"/>
      </symbol>
      <symbol id="sm-e31">
         <name>TimerControlStall</name>
         <value>0x1006275</value>
         <object_component_ref idref="oc-a90"/>
      </symbol>
      <symbol id="sm-e32">
         <name>TimerIntEnable</name>
         <value>0x10069f9</value>
         <object_component_ref idref="oc-9e5"/>
      </symbol>
      <symbol id="sm-e33">
         <name>TimerIntClear</name>
         <value>0x1006c13</value>
         <object_component_ref idref="oc-a98"/>
      </symbol>
      <symbol id="sm-e47">
         <name>UARTBusy</name>
         <value>0x1006a11</value>
         <object_component_ref idref="oc-95a"/>
      </symbol>
      <symbol id="sm-e48">
         <name>UARTIntEnable</name>
         <value>0x1006a29</value>
         <object_component_ref idref="oc-a6b"/>
      </symbol>
      <symbol id="sm-e4c">
         <name>UtilsDelay</name>
         <value>0x1006e43</value>
         <object_component_ref idref="oc-27c"/>
      </symbol>
      <symbol id="sm-e5c">
         <name>FlashDisable</name>
         <value>0x1005971</value>
         <object_component_ref idref="oc-8c9"/>
      </symbol>
      <symbol id="sm-e8b">
         <name>snprintf</name>
         <value>0x1005925</value>
         <object_component_ref idref="oc-342"/>
      </symbol>
      <symbol id="sm-e95">
         <name>__aeabi_fmul</name>
         <value>0x1004a43</value>
         <object_component_ref idref="oc-6b8"/>
      </symbol>
      <symbol id="sm-e9f">
         <name>__aeabi_f2iz</name>
         <value>0x1006205</value>
         <object_component_ref idref="oc-6bd"/>
      </symbol>
      <symbol id="sm-eaa">
         <name>__aeabi_i2f</name>
         <value>0x100623d</value>
         <object_component_ref idref="oc-6b3"/>
      </symbol>
      <symbol id="sm-eb3">
         <name>__aeabi_lmul</name>
         <value>0x1006aa1</value>
         <object_component_ref idref="oc-563"/>
      </symbol>
      <symbol id="sm-ece">
         <name>memcpy</name>
         <value>0x1004239</value>
         <object_component_ref idref="oc-3c"/>
      </symbol>
      <symbol id="sm-ecf">
         <name>__aeabi_memcpy</name>
         <value>0x1004239</value>
         <object_component_ref idref="oc-3c"/>
      </symbol>
      <symbol id="sm-ed0">
         <name>__aeabi_memcpy8</name>
         <value>0x1004239</value>
         <object_component_ref idref="oc-3c"/>
      </symbol>
      <symbol id="sm-ed1">
         <name>__aeabi_memcpy4</name>
         <value>0x1004239</value>
         <object_component_ref idref="oc-3c"/>
      </symbol>
      <symbol id="sm-ede">
         <name>__aeabi_uldivmod</name>
         <value>0x100436d</value>
         <object_component_ref idref="oc-558"/>
      </symbol>
      <symbol id="sm-ef2">
         <name>__TI_zero_init_nomemset</name>
         <value>0x100687d</value>
         <object_component_ref idref="oc-48"/>
      </symbol>
      <symbol id="sm-f09">
         <name>__TI_decompress_none</name>
         <value>0x1006d8b</value>
         <object_component_ref idref="oc-1b"/>
      </symbol>
      <symbol id="sm-f2c">
         <name>__TI_decompress_lzss</name>
         <value>0x1004fb5</value>
         <object_component_ref idref="oc-15"/>
      </symbol>
      <symbol id="sm-fb5">
         <name>_sys_memory</name>
         <value>0x20000310</value>
         <object_component_ref idref="oc-2b"/>
      </symbol>
      <symbol id="sm-fb6">
         <name>free</name>
         <value>0x10034d1</value>
         <object_component_ref idref="oc-3ff"/>
      </symbol>
      <symbol id="sm-fb7">
         <name>memalign</name>
         <value>0x10030e5</value>
         <object_component_ref idref="oc-5bc"/>
      </symbol>
      <symbol id="sm-fb8">
         <name>malloc</name>
         <value>0x1006e19</value>
         <object_component_ref idref="oc-45a"/>
      </symbol>
      <symbol id="sm-fb9">
         <name>aligned_alloc</name>
         <value>0x10030e5</value>
         <object_component_ref idref="oc-5bc"/>
      </symbol>
      <symbol id="sm-fcb">
         <name>__stack</name>
         <value>0x2003f000</value>
         <object_component_ref idref="oc-2e"/>
      </symbol>
      <symbol id="sm-fcc">
         <name>_c_int00_noargs</name>
         <value>0x1006705</value>
         <object_component_ref idref="oc-c6"/>
      </symbol>
      <symbol id="sm-1131">
         <name>__TI_printfi</name>
         <value>0x1000841</value>
         <object_component_ref idref="oc-48f"/>
      </symbol>
      <symbol id="sm-113b">
         <name>__aeabi_idiv0</name>
         <value>0x1005667</value>
         <object_component_ref idref="oc-6dc"/>
      </symbol>
      <symbol id="sm-113c">
         <name>__aeabi_ldiv0</name>
         <value>0x1005667</value>
         <object_component_ref idref="oc-6dc"/>
      </symbol>
      <symbol id="sm-1153">
         <name>__aeabi_dsub</name>
         <value>0x10021a9</value>
         <object_component_ref idref="oc-7ad"/>
      </symbol>
      <symbol id="sm-1154">
         <name>__aeabi_dadd</name>
         <value>0x10021b3</value>
         <object_component_ref idref="oc-7ad"/>
      </symbol>
      <symbol id="sm-1176">
         <name>__aeabi_cdcmpeq</name>
         <value>0x10046b9</value>
         <object_component_ref idref="oc-5f3"/>
      </symbol>
      <symbol id="sm-1177">
         <name>__aeabi_cdcmple</name>
         <value>0x10046b9</value>
         <object_component_ref idref="oc-5f3"/>
      </symbol>
      <symbol id="sm-1178">
         <name>__aeabi_cdrcmple</name>
         <value>0x100473f</value>
         <object_component_ref idref="oc-798"/>
      </symbol>
      <symbol id="sm-118c">
         <name>__aeabi_ddiv</name>
         <value>0x1002a01</value>
         <object_component_ref idref="oc-793"/>
      </symbol>
      <symbol id="sm-1197">
         <name>__aeabi_dmul</name>
         <value>0x10032e1</value>
         <object_component_ref idref="oc-78e"/>
      </symbol>
      <symbol id="sm-11a1">
         <name>__aeabi_d2iz</name>
         <value>0x1005a91</value>
         <object_component_ref idref="oc-79d"/>
      </symbol>
      <symbol id="sm-11ab">
         <name>__aeabi_i2d</name>
         <value>0x10064a9</value>
         <object_component_ref idref="oc-7a8"/>
      </symbol>
      <symbol id="sm-11ba">
         <name>__aeabi_memset</name>
         <value>0x1004abf</value>
         <object_component_ref idref="oc-9e"/>
      </symbol>
      <symbol id="sm-11bb">
         <name>memset</name>
         <value>0x1004ac5</value>
         <object_component_ref idref="oc-9e"/>
      </symbol>
      <symbol id="sm-11bc">
         <name>__aeabi_memset8</name>
         <value>0x1004abf</value>
         <object_component_ref idref="oc-9e"/>
      </symbol>
      <symbol id="sm-11bd">
         <name>__aeabi_memset4</name>
         <value>0x1004abf</value>
         <object_component_ref idref="oc-9e"/>
      </symbol>
      <symbol id="sm-11be">
         <name>__aeabi_memclr8</name>
         <value>0x1004abd</value>
         <object_component_ref idref="oc-9e"/>
      </symbol>
      <symbol id="sm-11bf">
         <name>__aeabi_memclr4</name>
         <value>0x1004abd</value>
         <object_component_ref idref="oc-9e"/>
      </symbol>
      <symbol id="sm-11c0">
         <name>__aeabi_memclr</name>
         <value>0x1004abd</value>
         <object_component_ref idref="oc-9e"/>
      </symbol>
      <symbol id="sm-11e8">
         <name>__TI_auto_init_nobinit_nopinit</name>
         <value>0x1005d41</value>
         <object_component_ref idref="oc-173"/>
      </symbol>
      <symbol id="sm-11f2">
         <name>_system_pre_init</name>
         <value>0x1006e55</value>
         <object_component_ref idref="oc-115"/>
      </symbol>
      <symbol id="sm-11fe">
         <name>C$$EXIT</name>
         <value>0x1006e59</value>
         <object_component_ref idref="oc-167"/>
      </symbol>
      <symbol id="sm-11ff">
         <name>abort</name>
         <value>0x1006e59</value>
         <object_component_ref idref="oc-167"/>
      </symbol>
      <symbol id="sm-1214">
         <name>_nop</name>
         <value>0x100374f</value>
         <object_component_ref idref="oc-3a5"/>
      </symbol>
      <symbol id="sm-1215">
         <name>_lock</name>
         <value>0x200088b8</value>
         <object_component_ref idref="oc-229"/>
      </symbol>
      <symbol id="sm-1216">
         <name>_unlock</name>
         <value>0x200088bc</value>
         <object_component_ref idref="oc-229"/>
      </symbol>
      <symbol id="sm-1225">
         <name>__TI_ltoa</name>
         <value>0x1005475</value>
         <object_component_ref idref="oc-7a2"/>
      </symbol>
      <symbol id="sm-123c">
         <name>atoi</name>
         <value>0x100588d</value>
         <object_component_ref idref="oc-5e7"/>
      </symbol>
      <symbol id="sm-1247">
         <name>_ctypes_</name>
         <value>0x1006e5c</value>
         <object_component_ref idref="oc-787"/>
      </symbol>
      <symbol id="sm-1257">
         <name>memccpy</name>
         <value>0x10068b5</value>
         <object_component_ref idref="oc-610"/>
      </symbol>
      <symbol id="sm-1267">
         <name>strchr</name>
         <value>0x1006b11</value>
         <object_component_ref idref="oc-7d9"/>
      </symbol>
      <symbol id="sm-1275">
         <name>strlen</name>
         <value>0x1006bc9</value>
         <object_component_ref idref="oc-5e1"/>
      </symbol>
      <symbol id="sm-128b">
         <name>__aeabi_errno_addr</name>
         <value>0x1006e11</value>
         <object_component_ref idref="oc-61c"/>
      </symbol>
      <symbol id="sm-128c">
         <name>errno</name>
         <value>0x200088e0</value>
         <object_component_ref idref="oc-7e9"/>
      </symbol>
      <symbol id="sm-12a5">
         <name>wcslen</name>
         <value>0x1006c37</value>
         <object_component_ref idref="oc-616"/>
      </symbol>
      <symbol id="sm-12c5">
         <name>frexpl</name>
         <value>0x1005209</value>
         <object_component_ref idref="oc-7cd"/>
      </symbol>
      <symbol id="sm-12c6">
         <name>frexp</name>
         <value>0x1005209</value>
         <object_component_ref idref="oc-7cd"/>
      </symbol>
      <symbol id="sm-12e4">
         <name>scalbn</name>
         <value>0x10035b5</value>
         <object_component_ref idref="oc-7d3"/>
      </symbol>
      <symbol id="sm-12e5">
         <name>scalbnl</name>
         <value>0x10035b5</value>
         <object_component_ref idref="oc-7d3"/>
      </symbol>
      <symbol id="sm-12e6">
         <name>ldexpl</name>
         <value>0x10035b5</value>
         <object_component_ref idref="oc-7d3"/>
      </symbol>
      <symbol id="sm-12e7">
         <name>ldexp</name>
         <value>0x10035b5</value>
         <object_component_ref idref="oc-7d3"/>
      </symbol>
      <symbol id="sm-12f1">
         <name>copysign</name>
         <value>0x1006db1</value>
         <object_component_ref idref="oc-987"/>
      </symbol>
      <symbol id="sm-12f2">
         <name>copysignl</name>
         <value>0x1006db1</value>
         <object_component_ref idref="oc-987"/>
      </symbol>
      <symbol id="sm-12f3">
         <name>__TI_static_base__</name>
         <value>0x1007378</value>
      </symbol>
      <symbol id="sm-12f6">
         <name>ITM_flush</name>
         <value>0x0</value>
      </symbol>
      <symbol id="sm-12f7">
         <name>ITM_restore</name>
         <value>0x0</value>
      </symbol>
      <symbol id="sm-12f8">
         <name>__mpu_init</name>
         <value>0x0</value>
      </symbol>
      <symbol id="sm-12f9">
         <name>_system_post_cinit</name>
         <value>0x0</value>
      </symbol>
      <symbol id="sm-12fa">
         <name>NoRTOS_start</name>
         <value>0x1006d53</value>
      </symbol>
   </symbol_table>
   <title>Link successful</title>
</link_info>
