<?xml version="1.0" encoding="ISO-8859-1" ?>
<link_info>
   <banner>TI ARM Linker PC v20.2.7.LTS</banner>
   <copyright>Copyright (c) 1996-2018 Texas Instruments Incorporated</copyright>
   <link_time>0x666f3d67</link_time>
   <link_errors>0x0</link_errors>
   <output_file>gpiointerrupt_CC3220SF_LAUNCHXL_nortos_ccs.out</output_file>
   <entry_point>
      <name>resetISR</name>
      <address>0x1003375</address>
   </entry_point>
   <input_file_list>
      <input_file id="fl-2">
         <path>.\</path>
         <kind>object</kind>
         <file>gpiointerrupt.obj</file>
         <name>gpiointerrupt.obj</name>
      </input_file>
      <input_file id="fl-3">
         <path>.\syscfg\</path>
         <kind>object</kind>
         <file>ti_drivers_config.obj</file>
         <name>ti_drivers_config.obj</name>
      </input_file>
      <input_file id="fl-4">
         <path>.\</path>
         <kind>object</kind>
         <file>main_nortos.obj</file>
         <name>main_nortos.obj</name>
      </input_file>
      <input_file id="fl-d">
         <kind>object</kind>
         <file>&lt;internal&gt;</file>
         <name>&lt;internal&gt;</name>
      </input_file>
      <input_file id="fl-e">
         <path>C:\ti\simplelink_cc32xx_sdk_4_30_00_06\source\ti\drivers\lib\ccs\m4\</path>
         <kind>archive</kind>
         <file>drivers_cc32xx.a</file>
         <name>Timer.oem4</name>
      </input_file>
      <input_file id="fl-f">
         <path>C:\ti\simplelink_cc32xx_sdk_4_30_00_06\source\ti\drivers\lib\ccs\m4\</path>
         <kind>archive</kind>
         <file>drivers_cc32xx.a</file>
         <name>GPIOCC32XX.oem4</name>
      </input_file>
      <input_file id="fl-10">
         <path>C:\ti\simplelink_cc32xx_sdk_4_30_00_06\source\ti\drivers\lib\ccs\m4\</path>
         <kind>archive</kind>
         <file>drivers_cc32xx.a</file>
         <name>PowerCC32XX.oem4</name>
      </input_file>
      <input_file id="fl-11">
         <path>C:\ti\simplelink_cc32xx_sdk_4_30_00_06\source\ti\drivers\lib\ccs\m4\</path>
         <kind>archive</kind>
         <file>drivers_cc32xx.a</file>
         <name>PowerCC32XX_asm.oem4</name>
      </input_file>
      <input_file id="fl-12">
         <path>C:\ti\simplelink_cc32xx_sdk_4_30_00_06\source\ti\drivers\lib\ccs\m4\</path>
         <kind>archive</kind>
         <file>drivers_cc32xx.a</file>
         <name>TimerCC32XX.oem4</name>
      </input_file>
      <input_file id="fl-13">
         <path>C:\ti\simplelink_cc32xx_sdk_4_30_00_06\source\ti\drivers\lib\ccs\m4\</path>
         <kind>archive</kind>
         <file>drivers_cc32xx.a</file>
         <name>List.oem4</name>
      </input_file>
      <input_file id="fl-14">
         <path>C:\ti\simplelink_cc32xx_sdk_4_30_00_06\kernel\nortos\lib\ccs\m4\</path>
         <kind>archive</kind>
         <file>nortos_cc32xx.a</file>
         <name>NoRTOS.oem4</name>
      </input_file>
      <input_file id="fl-15">
         <path>C:\ti\simplelink_cc32xx_sdk_4_30_00_06\kernel\nortos\lib\ccs\m4\</path>
         <kind>archive</kind>
         <file>nortos_cc32xx.a</file>
         <name>SemaphoreP_nortos.oem4</name>
      </input_file>
      <input_file id="fl-16">
         <path>C:\ti\simplelink_cc32xx_sdk_4_30_00_06\kernel\nortos\lib\ccs\m4\</path>
         <kind>archive</kind>
         <file>nortos_cc32xx.a</file>
         <name>ClockPSysTick_nortos.oem4</name>
      </input_file>
      <input_file id="fl-17">
         <path>C:\ti\simplelink_cc32xx_sdk_4_30_00_06\kernel\nortos\lib\ccs\m4\</path>
         <kind>archive</kind>
         <file>nortos_cc32xx.a</file>
         <name>HwiPCC32XX_nortos.oem4</name>
      </input_file>
      <input_file id="fl-18">
         <path>C:\ti\simplelink_cc32xx_sdk_4_30_00_06\kernel\nortos\lib\ccs\m4\</path>
         <kind>archive</kind>
         <file>nortos_cc32xx.a</file>
         <name>PowerCC32XX_nortos.oem4</name>
      </input_file>
      <input_file id="fl-19">
         <path>C:\ti\simplelink_cc32xx_sdk_4_30_00_06\kernel\nortos\lib\ccs\m4\</path>
         <kind>archive</kind>
         <file>nortos_cc32xx.a</file>
         <name>startup_cc32xx_ccs.oem4</name>
      </input_file>
      <input_file id="fl-1a">
         <path>C:\ti\simplelink_cc32xx_sdk_4_30_00_06\kernel\nortos\lib\ccs\m4\</path>
         <kind>archive</kind>
         <file>nortos_cc32xx.a</file>
         <name>SwiP_nortos.oem4</name>
      </input_file>
      <input_file id="fl-1b">
         <path>C:\ti\simplelink_cc32xx_sdk_4_30_00_06\kernel\nortos\lib\ccs\m4\</path>
         <kind>archive</kind>
         <file>nortos_cc32xx.a</file>
         <name>QueueP_nortos.oem4</name>
      </input_file>
      <input_file id="fl-1c">
         <path>C:\ti\simplelink_cc32xx_sdk_4_30_00_06\source\ti\devices\cc32xx\driverlib\ccs\Release\</path>
         <kind>archive</kind>
         <file>driverlib.a</file>
         <name>cpu.obj</name>
      </input_file>
      <input_file id="fl-1d">
         <path>C:\ti\simplelink_cc32xx_sdk_4_30_00_06\source\ti\devices\cc32xx\driverlib\ccs\Release\</path>
         <kind>archive</kind>
         <file>driverlib.a</file>
         <name>interrupt.obj</name>
      </input_file>
      <input_file id="fl-1e">
         <path>C:\ti\simplelink_cc32xx_sdk_4_30_00_06\source\ti\devices\cc32xx\driverlib\ccs\Release\</path>
         <kind>archive</kind>
         <file>driverlib.a</file>
         <name>pin.obj</name>
      </input_file>
      <input_file id="fl-1f">
         <path>C:\ti\simplelink_cc32xx_sdk_4_30_00_06\source\ti\devices\cc32xx\driverlib\ccs\Release\</path>
         <kind>archive</kind>
         <file>driverlib.a</file>
         <name>prcm.obj</name>
      </input_file>
      <input_file id="fl-20">
         <path>C:\ti\simplelink_cc32xx_sdk_4_30_00_06\source\ti\devices\cc32xx\driverlib\ccs\Release\</path>
         <kind>archive</kind>
         <file>driverlib.a</file>
         <name>timer.obj</name>
      </input_file>
      <input_file id="fl-21">
         <path>C:\ti\simplelink_cc32xx_sdk_4_30_00_06\source\ti\devices\cc32xx\driverlib\ccs\Release\</path>
         <kind>archive</kind>
         <file>driverlib.a</file>
         <name>utils.obj</name>
      </input_file>
      <input_file id="fl-22">
         <path>C:\ti\simplelink_cc32xx_sdk_4_30_00_06\source\ti\devices\cc32xx\driverlib\ccs\Release\</path>
         <kind>archive</kind>
         <file>driverlib.a</file>
         <name>flash.obj</name>
      </input_file>
      <input_file id="fl-d8">
         <path>C:\ti\ccs1011\ccs\tools\compiler\ti-cgt-arm_20.2.7.LTS\lib\</path>
         <kind>archive</kind>
         <file>rtsv7M4_T_le_eabi.lib</file>
         <name>ll_mul_t2.asm.obj</name>
      </input_file>
      <input_file id="fl-d9">
         <path>C:\ti\ccs1011\ccs\tools\compiler\ti-cgt-arm_20.2.7.LTS\lib\</path>
         <kind>archive</kind>
         <file>rtsv7M4_T_le_eabi.lib</file>
         <name>memcpy_t2.asm.obj</name>
      </input_file>
      <input_file id="fl-da">
         <path>C:\ti\ccs1011\ccs\tools\compiler\ti-cgt-arm_20.2.7.LTS\lib\</path>
         <kind>archive</kind>
         <file>rtsv7M4_T_le_eabi.lib</file>
         <name>ull_div_t2.asm.obj</name>
      </input_file>
      <input_file id="fl-db">
         <path>C:\ti\ccs1011\ccs\tools\compiler\ti-cgt-arm_20.2.7.LTS\lib\</path>
         <kind>archive</kind>
         <file>rtsv7M4_T_le_eabi.lib</file>
         <name>copy_zero_init.c.obj</name>
      </input_file>
      <input_file id="fl-dc">
         <path>C:\ti\ccs1011\ccs\tools\compiler\ti-cgt-arm_20.2.7.LTS\lib\</path>
         <kind>archive</kind>
         <file>rtsv7M4_T_le_eabi.lib</file>
         <name>copy_decompress_none.c.obj</name>
      </input_file>
      <input_file id="fl-dd">
         <path>C:\ti\ccs1011\ccs\tools\compiler\ti-cgt-arm_20.2.7.LTS\lib\</path>
         <kind>archive</kind>
         <file>rtsv7M4_T_le_eabi.lib</file>
         <name>copy_decompress_lzss.c.obj</name>
      </input_file>
      <input_file id="fl-de">
         <path>C:\ti\ccs1011\ccs\tools\compiler\ti-cgt-arm_20.2.7.LTS\lib\</path>
         <kind>archive</kind>
         <file>rtsv7M4_T_le_eabi.lib</file>
         <name>memory.c.obj</name>
      </input_file>
      <input_file id="fl-df">
         <path>C:\ti\ccs1011\ccs\tools\compiler\ti-cgt-arm_20.2.7.LTS\lib\</path>
         <kind>archive</kind>
         <file>rtsv7M4_T_le_eabi.lib</file>
         <name>boot_cortex_m.c.obj</name>
      </input_file>
      <input_file id="fl-e0">
         <path>C:\ti\ccs1011\ccs\tools\compiler\ti-cgt-arm_20.2.7.LTS\lib\</path>
         <kind>archive</kind>
         <file>rtsv7M4_T_le_eabi.lib</file>
         <name>div0.asm.obj</name>
      </input_file>
      <input_file id="fl-e1">
         <path>C:\ti\ccs1011\ccs\tools\compiler\ti-cgt-arm_20.2.7.LTS\lib\</path>
         <kind>archive</kind>
         <file>rtsv7M4_T_le_eabi.lib</file>
         <name>memset_t2.asm.obj</name>
      </input_file>
      <input_file id="fl-e2">
         <path>C:\ti\ccs1011\ccs\tools\compiler\ti-cgt-arm_20.2.7.LTS\lib\</path>
         <kind>archive</kind>
         <file>rtsv7M4_T_le_eabi.lib</file>
         <name>autoinit.c.obj</name>
      </input_file>
      <input_file id="fl-e3">
         <path>C:\ti\ccs1011\ccs\tools\compiler\ti-cgt-arm_20.2.7.LTS\lib\</path>
         <kind>archive</kind>
         <file>rtsv7M4_T_le_eabi.lib</file>
         <name>pre_init.c.obj</name>
      </input_file>
      <input_file id="fl-e4">
         <path>C:\ti\ccs1011\ccs\tools\compiler\ti-cgt-arm_20.2.7.LTS\lib\</path>
         <kind>archive</kind>
         <file>rtsv7M4_T_le_eabi.lib</file>
         <name>cpy_tbl.c.obj</name>
      </input_file>
      <input_file id="fl-e5">
         <path>C:\ti\ccs1011\ccs\tools\compiler\ti-cgt-arm_20.2.7.LTS\lib\</path>
         <kind>archive</kind>
         <file>rtsv7M4_T_le_eabi.lib</file>
         <name>exit.c.obj</name>
      </input_file>
      <input_file id="fl-e6">
         <path>C:\ti\ccs1011\ccs\tools\compiler\ti-cgt-arm_20.2.7.LTS\lib\</path>
         <kind>archive</kind>
         <file>rtsv7M4_T_le_eabi.lib</file>
         <name>_lock.c.obj</name>
      </input_file>
      <input_file id="fl-e7">
         <path>C:\ti\ccs1011\ccs\tools\compiler\ti-cgt-arm_20.2.7.LTS\lib\</path>
         <kind>archive</kind>
         <file>rtsv7M4_T_le_eabi.lib</file>
         <name>args_main.c.obj</name>
      </input_file>
   </input_file_list>
   <object_component_list>
      <object_component id="oc-1c0">
         <name>.text:PRCMCC3200MCUInit</name>
         <load_address>0x1000840</load_address>
         <run_address>0x1000840</run_address>
         <size>0x42c</size>
         <input_file_ref idref="fl-1f"/>
      </object_component>
      <object_component id="oc-313">
         <name>.text:timerCallback</name>
         <load_address>0x1000c6c</load_address>
         <run_address>0x1000c6c</run_address>
         <size>0x2bc</size>
         <input_file_ref idref="fl-2"/>
      </object_component>
      <object_component id="oc-1da">
         <name>.text:GPIO_setConfig</name>
         <load_address>0x1000f28</load_address>
         <run_address>0x1000f28</run_address>
         <size>0x1e4</size>
         <input_file_ref idref="fl-f"/>
      </object_component>
      <object_component id="oc-35a">
         <name>.text:PowerCC32XX_sleepPolicy</name>
         <load_address>0x100110c</load_address>
         <run_address>0x100110c</run_address>
         <size>0x19c</size>
         <input_file_ref idref="fl-18"/>
      </object_component>
      <object_component id="oc-508">
         <name>.text:parkPins</name>
         <load_address>0x10012a8</load_address>
         <run_address>0x10012a8</run_address>
         <size>0x148</size>
         <input_file_ref idref="fl-10"/>
      </object_component>
      <object_component id="oc-461">
         <name>.text:Power_sleep</name>
         <load_address>0x10013f0</load_address>
         <run_address>0x10013f0</run_address>
         <size>0x138</size>
         <input_file_ref idref="fl-10"/>
      </object_component>
      <object_component id="oc-579">
         <name>.text:TimerCC32XX_open</name>
         <load_address>0x1001528</load_address>
         <run_address>0x1001528</run_address>
         <size>0x128</size>
         <input_file_ref idref="fl-12"/>
      </object_component>
      <object_component id="oc-4c0">
         <name>.text:aligned_alloc</name>
         <load_address>0x1001650</load_address>
         <run_address>0x1001650</run_address>
         <size>0x100</size>
         <input_file_ref idref="fl-de"/>
      </object_component>
      <object_component id="oc-376">
         <name>.text:free</name>
         <load_address>0x1001750</load_address>
         <run_address>0x1001750</run_address>
         <size>0xe4</size>
         <input_file_ref idref="fl-de"/>
      </object_component>
      <object_component id="oc-1d4">
         <name>.text:GPIO_init</name>
         <load_address>0x1001834</load_address>
         <run_address>0x1001834</run_address>
         <size>0xc4</size>
         <input_file_ref idref="fl-f"/>
      </object_component>
      <object_component id="oc-525">
         <name>.text:restoreParkedPins</name>
         <load_address>0x10018f8</load_address>
         <run_address>0x10018f8</run_address>
         <size>0xc0</size>
         <input_file_ref idref="fl-10"/>
      </object_component>
      <object_component id="oc-b6">
         <name>.text:IntEnable</name>
         <load_address>0x10019b8</load_address>
         <run_address>0x10019b8</run_address>
         <size>0xa8</size>
         <input_file_ref idref="fl-1d"/>
      </object_component>
      <object_component id="oc-275">
         <name>.text:PowerCC32XX_configureWakeup</name>
         <load_address>0x1001a60</load_address>
         <run_address>0x1001a60</run_address>
         <size>0xa8</size>
         <input_file_ref idref="fl-10"/>
      </object_component>
      <object_component id="oc-29b">
         <name>.text:SemaphoreP_pend</name>
         <load_address>0x1001b08</load_address>
         <run_address>0x1001b08</run_address>
         <size>0xa0</size>
         <input_file_ref idref="fl-15"/>
      </object_component>
      <object_component id="oc-3c">
         <name>.text</name>
         <load_address>0x1001ba8</load_address>
         <run_address>0x1001ba8</run_address>
         <size>0x9c</size>
         <input_file_ref idref="fl-d9"/>
      </object_component>
      <object_component id="oc-2b7">
         <name>.text:powerNotifyFxn</name>
         <load_address>0x1001c44</load_address>
         <run_address>0x1001c44</run_address>
         <size>0x98</size>
         <input_file_ref idref="fl-f"/>
      </object_component>
      <object_component id="oc-45c">
         <name>.text</name>
         <load_address>0x1001cdc</load_address>
         <run_address>0x1001cdc</run_address>
         <size>0x96</size>
         <input_file_ref idref="fl-da"/>
      </object_component>
      <object_component id="oc-1cc">
         <name>.text:Board_initHook</name>
         <load_address>0x1001d72</load_address>
         <run_address>0x1001d72</run_address>
         <size>0x2</size>
         <input_file_ref idref="fl-3"/>
      </object_component>
      <object_component id="oc-519">
         <name>.text:restoreNVICRegs</name>
         <load_address>0x1001d74</load_address>
         <run_address>0x1001d74</run_address>
         <size>0x90</size>
         <input_file_ref idref="fl-10"/>
      </object_component>
      <object_component id="oc-3d7">
         <name>.text:HwiP_construct</name>
         <load_address>0x1001e04</load_address>
         <run_address>0x1001e04</run_address>
         <size>0x8c</size>
         <input_file_ref idref="fl-17"/>
      </object_component>
      <object_component id="oc-5e1">
         <name>.text:IntPendSet</name>
         <load_address>0x1001e90</load_address>
         <run_address>0x1001e90</run_address>
         <size>0x88</size>
         <input_file_ref idref="fl-1d"/>
      </object_component>
      <object_component id="oc-2c1">
         <name>.text:PinConfigSet</name>
         <load_address>0x1001f18</load_address>
         <run_address>0x1001f18</run_address>
         <size>0x88</size>
         <input_file_ref idref="fl-1e"/>
      </object_component>
      <object_component id="oc-57f">
         <name>.text:TimerCC32XX_setPeriod</name>
         <load_address>0x1001fa0</load_address>
         <run_address>0x1001fa0</run_address>
         <size>0x88</size>
         <input_file_ref idref="fl-12"/>
      </object_component>
      <object_component id="oc-1c6">
         <name>.text:Power_init</name>
         <load_address>0x1002028</load_address>
         <run_address>0x1002028</run_address>
         <size>0x84</size>
         <input_file_ref idref="fl-10"/>
      </object_component>
      <object_component id="oc-50e">
         <name>.text:saveNVICRegs</name>
         <load_address>0x10020ac</load_address>
         <run_address>0x10020ac</run_address>
         <size>0x84</size>
         <input_file_ref idref="fl-10"/>
      </object_component>
      <object_component id="oc-2c7">
         <name>.text:Power_setDependency</name>
         <load_address>0x1002130</load_address>
         <run_address>0x1002130</run_address>
         <size>0x80</size>
         <input_file_ref idref="fl-10"/>
      </object_component>
      <object_component id="oc-2eb">
         <name>.text:GPIO_hwiIntFxn</name>
         <load_address>0x10021b0</load_address>
         <run_address>0x10021b0</run_address>
         <size>0x78</size>
         <input_file_ref idref="fl-f"/>
      </object_component>
      <object_component id="oc-585">
         <name>.text:TimerCC32XX_start</name>
         <load_address>0x1002228</load_address>
         <run_address>0x1002228</run_address>
         <size>0x78</size>
         <input_file_ref idref="fl-12"/>
      </object_component>
      <object_component id="oc-555">
         <name>.text:split</name>
         <load_address>0x10022a0</load_address>
         <run_address>0x10022a0</run_address>
         <size>0x70</size>
         <input_file_ref idref="fl-de"/>
      </object_component>
      <object_component id="oc-15">
         <name>.text:decompress:lzss:__TI_decompress_lzss</name>
         <load_address>0x1002310</load_address>
         <run_address>0x1002310</run_address>
         <size>0x68</size>
         <input_file_ref idref="fl-dd"/>
      </object_component>
      <object_component id="oc-3c5">
         <name>.text:PowerCC32XX_setParkState</name>
         <load_address>0x1002378</load_address>
         <run_address>0x1002378</run_address>
         <size>0x64</size>
         <input_file_ref idref="fl-10"/>
      </object_component>
      <object_component id="oc-243">
         <name>.text:PRCMSysResetCauseGet</name>
         <load_address>0x10023dc</load_address>
         <run_address>0x10023dc</run_address>
         <size>0x60</size>
         <input_file_ref idref="fl-1f"/>
      </object_component>
      <object_component id="oc-15f">
         <name>.text:mainThread</name>
         <load_address>0x100243c</load_address>
         <run_address>0x100243c</run_address>
         <size>0x60</size>
         <input_file_ref idref="fl-2"/>
      </object_component>
      <object_component id="oc-1e0">
         <name>.text:GPIO_setCallback</name>
         <load_address>0x100249c</load_address>
         <run_address>0x100249c</run_address>
         <size>0x5c</size>
         <input_file_ref idref="fl-f"/>
      </object_component>
      <object_component id="oc-5a1">
         <name>.text:sysTickInit</name>
         <load_address>0x10024f8</load_address>
         <run_address>0x10024f8</run_address>
         <size>0x5c</size>
         <input_file_ref idref="fl-16"/>
      </object_component>
      <object_component id="oc-406">
         <name>.text:GPIO_write</name>
         <load_address>0x1002554</load_address>
         <run_address>0x1002554</run_address>
         <size>0x58</size>
         <input_file_ref idref="fl-f"/>
      </object_component>
      <object_component id="oc-25c">
         <name>.text:PRCMPeripheralReset</name>
         <load_address>0x10025ac</load_address>
         <run_address>0x10025ac</run_address>
         <size>0x58</size>
         <input_file_ref idref="fl-1f"/>
      </object_component>
      <object_component id="oc-684">
         <name>.text:Power_releaseDependency</name>
         <load_address>0x1002604</load_address>
         <run_address>0x1002604</run_address>
         <size>0x58</size>
         <input_file_ref idref="fl-10"/>
      </object_component>
      <object_component id="oc-58b">
         <name>.text:TimerCC32XX_stop</name>
         <load_address>0x100265c</load_address>
         <run_address>0x100265c</run_address>
         <size>0x56</size>
         <input_file_ref idref="fl-12"/>
      </object_component>
      <object_component id="oc-5be">
         <name>.text:PowerCC32XX_resumeLPDS</name>
         <load_address>0x10026b2</load_address>
         <run_address>0x10026b2</run_address>
         <size>0x52</size>
         <input_file_ref idref="fl-11"/>
      </object_component>
      <object_component id="oc-61b">
         <name>.text:initHw</name>
         <load_address>0x1002704</load_address>
         <run_address>0x1002704</run_address>
         <size>0x52</size>
         <input_file_ref idref="fl-12"/>
      </object_component>
      <object_component id="oc-354">
         <name>.text:PowerCC32XX_initPolicy</name>
         <load_address>0x1002756</load_address>
         <run_address>0x1002756</run_address>
         <size>0x2</size>
         <input_file_ref idref="fl-18"/>
      </object_component>
      <object_component id="oc-7a">
         <name>.text:ClockP_sysTickHandler</name>
         <load_address>0x1002758</load_address>
         <run_address>0x1002758</run_address>
         <size>0x50</size>
         <input_file_ref idref="fl-16"/>
      </object_component>
      <object_component id="oc-482">
         <name>.text:SemaphoreP_construct</name>
         <load_address>0x10027a8</load_address>
         <run_address>0x10027a8</run_address>
         <size>0x50</size>
         <input_file_ref idref="fl-15"/>
      </object_component>
      <object_component id="oc-60f">
         <name>.text:TimerCC32XX_allocateTimerResource</name>
         <load_address>0x10027f8</load_address>
         <run_address>0x10027f8</run_address>
         <size>0x50</size>
         <input_file_ref idref="fl-12"/>
      </object_component>
      <object_component id="oc-1ec">
         <name>.text:initTimer</name>
         <load_address>0x1002848</load_address>
         <run_address>0x1002848</run_address>
         <size>0x50</size>
         <input_file_ref idref="fl-2"/>
      </object_component>
      <object_component id="oc-1e6">
         <name>.text:GPIO_enableInt</name>
         <load_address>0x1002898</load_address>
         <run_address>0x1002898</run_address>
         <size>0x4c</size>
         <input_file_ref idref="fl-f"/>
      </object_component>
      <object_component id="oc-5b5">
         <name>.text:PowerCC32XX_parkPin</name>
         <load_address>0x10028e4</load_address>
         <run_address>0x10028e4</run_address>
         <size>0x4c</size>
         <input_file_ref idref="fl-10"/>
      </object_component>
      <object_component id="oc-51f">
         <name>.text:restorePeriphClocks</name>
         <load_address>0x1002930</load_address>
         <run_address>0x1002930</run_address>
         <size>0x4c</size>
         <input_file_ref idref="fl-10"/>
      </object_component>
      <object_component id="oc-5d9">
         <name>.text:FlashDisable</name>
         <load_address>0x100297c</load_address>
         <run_address>0x100297c</run_address>
         <size>0x48</size>
         <input_file_ref idref="fl-22"/>
      </object_component>
      <object_component id="oc-52b">
         <name>.text:PRCMLPDSEnter</name>
         <load_address>0x10029c4</load_address>
         <run_address>0x10029c4</run_address>
         <size>0x48</size>
         <input_file_ref idref="fl-1f"/>
      </object_component>
      <object_component id="oc-256">
         <name>.text:PRCMPeripheralClkEnable</name>
         <load_address>0x1002a0c</load_address>
         <run_address>0x1002a0c</run_address>
         <size>0x48</size>
         <input_file_ref idref="fl-1f"/>
      </object_component>
      <object_component id="oc-65a">
         <name>.text:Power_releaseConstraint</name>
         <load_address>0x1002a54</load_address>
         <run_address>0x1002a54</run_address>
         <size>0x48</size>
         <input_file_ref idref="fl-10"/>
      </object_component>
      <object_component id="oc-615">
         <name>.text:getPrescaler</name>
         <load_address>0x1002a9c</load_address>
         <run_address>0x1002a9c</run_address>
         <size>0x46</size>
         <input_file_ref idref="fl-12"/>
      </object_component>
      <object_component id="oc-573">
         <name>.text:TimerCC32XX_init</name>
         <load_address>0x1002ae2</load_address>
         <run_address>0x1002ae2</run_address>
         <size>0x2</size>
         <input_file_ref idref="fl-12"/>
      </object_component>
      <object_component id="oc-4aa">
         <name>.text:ClockP_stop</name>
         <load_address>0x1002ae4</load_address>
         <run_address>0x1002ae4</run_address>
         <size>0x44</size>
         <input_file_ref idref="fl-16"/>
      </object_component>
      <object_component id="oc-5c3">
         <name>.text:PRCMLPDSRestoreInfoSet</name>
         <load_address>0x1002b28</load_address>
         <run_address>0x1002b28</run_address>
         <size>0x44</size>
         <input_file_ref idref="fl-1f"/>
      </object_component>
      <object_component id="oc-514">
         <name>.text:PowerCC32XX_enterLPDS</name>
         <load_address>0x1002b6c</load_address>
         <run_address>0x1002b6c</run_address>
         <size>0x44</size>
         <input_file_ref idref="fl-11"/>
      </object_component>
      <object_component id="oc-2a7">
         <name>.text:SemaphoreP_post</name>
         <load_address>0x1002bb0</load_address>
         <run_address>0x1002bb0</run_address>
         <size>0x44</size>
         <input_file_ref idref="fl-15"/>
      </object_component>
      <object_component id="oc-472">
         <name>.text:SwiP_restore</name>
         <load_address>0x1002bf4</load_address>
         <run_address>0x1002bf4</run_address>
         <size>0x44</size>
         <input_file_ref idref="fl-1a"/>
      </object_component>
      <object_component id="oc-2fb">
         <name>.text:Timer_init</name>
         <load_address>0x1002c38</load_address>
         <run_address>0x1002c38</run_address>
         <size>0x44</size>
         <input_file_ref idref="fl-e"/>
      </object_component>
      <object_component id="oc-172">
         <name>.text:__TI_auto_init_nobinit_nopinit:__TI_auto_init_nobinit_nopinit</name>
         <load_address>0x1002c7c</load_address>
         <run_address>0x1002c7c</run_address>
         <size>0x44</size>
         <input_file_ref idref="fl-e2"/>
      </object_component>
      <object_component id="oc-26e">
         <name>.text:PinModeSet</name>
         <load_address>0x1002cc0</load_address>
         <run_address>0x1002cc0</run_address>
         <size>0x40</size>
         <input_file_ref idref="fl-1e"/>
      </object_component>
      <object_component id="oc-307">
         <name>.text:Timer_open</name>
         <load_address>0x1002d00</load_address>
         <run_address>0x1002d00</run_address>
         <size>0x40</size>
         <input_file_ref idref="fl-e"/>
      </object_component>
      <object_component id="oc-395">
         <name>.text:ClockP_destruct</name>
         <load_address>0x1002d40</load_address>
         <run_address>0x1002d40</run_address>
         <size>0x3c</size>
         <input_file_ref idref="fl-16"/>
      </object_component>
      <object_component id="oc-641">
         <name>.text:Power_setConstraint</name>
         <load_address>0x1002d7c</load_address>
         <run_address>0x1002d7c</run_address>
         <size>0x3c</size>
         <input_file_ref idref="fl-10"/>
      </object_component>
      <object_component id="oc-561">
         <name>.text:TimerCC32XX_close</name>
         <load_address>0x1002db8</load_address>
         <run_address>0x1002db8</run_address>
         <size>0x3a</size>
         <input_file_ref idref="fl-12"/>
      </object_component>
      <object_component id="oc-456">
         <name>.text:getCountsRTC</name>
         <load_address>0x1002df2</load_address>
         <run_address>0x1002df2</run_address>
         <size>0x3a</size>
         <input_file_ref idref="fl-18"/>
      </object_component>
      <object_component id="oc-531">
         <name>.text:PRCMLPDSEnterKeepDebugIf</name>
         <load_address>0x1002e2c</load_address>
         <run_address>0x1002e2c</run_address>
         <size>0x38</size>
         <input_file_ref idref="fl-1f"/>
      </object_component>
      <object_component id="oc-627">
         <name>.text:TimerCC32XX_hwiIntFunction</name>
         <load_address>0x1002e64</load_address>
         <run_address>0x1002e64</run_address>
         <size>0x38</size>
         <input_file_ref idref="fl-12"/>
      </object_component>
      <object_component id="oc-dc">
         <name>.text:addToList</name>
         <load_address>0x1002e9c</load_address>
         <run_address>0x1002e9c</run_address>
         <size>0x38</size>
         <input_file_ref idref="fl-16"/>
      </object_component>
      <object_component id="oc-5a">
         <name>.text:initVectors</name>
         <load_address>0x1002ed4</load_address>
         <run_address>0x1002ed4</run_address>
         <size>0x38</size>
         <input_file_ref idref="fl-19"/>
      </object_component>
      <object_component id="oc-502">
         <name>.text:notify</name>
         <load_address>0x1002f0c</load_address>
         <run_address>0x1002f0c</run_address>
         <size>0x38</size>
         <input_file_ref idref="fl-10"/>
      </object_component>
      <object_component id="oc-690">
         <name>.text:TimerControlStall</name>
         <load_address>0x1002f44</load_address>
         <run_address>0x1002f44</run_address>
         <size>0x36</size>
         <input_file_ref idref="fl-20"/>
      </object_component>
      <object_component id="oc-321">
         <name>.text:_nop</name>
         <load_address>0x1002f7a</load_address>
         <run_address>0x1002f7a</run_address>
         <size>0x2</size>
         <input_file_ref idref="fl-e6"/>
      </object_component>
      <object_component id="oc-444">
         <name>.text:ClockP_getTicksUntilInterrupt</name>
         <load_address>0x1002f7c</load_address>
         <run_address>0x1002f7c</run_address>
         <size>0x34</size>
         <input_file_ref idref="fl-16"/>
      </object_component>
      <object_component id="oc-4f3">
         <name>.text:ClockP_startup</name>
         <load_address>0x1002fb0</load_address>
         <run_address>0x1002fb0</run_address>
         <size>0x34</size>
         <input_file_ref idref="fl-16"/>
      </object_component>
      <object_component id="oc-268">
         <name>.text:PinModeGet</name>
         <load_address>0x1002fe4</load_address>
         <run_address>0x1002fe4</run_address>
         <size>0x34</size>
         <input_file_ref idref="fl-1e"/>
      </object_component>
      <object_component id="oc-605">
         <name>.text:TimerCC32XX_freeTimerResource</name>
         <load_address>0x1003018</load_address>
         <run_address>0x1003018</run_address>
         <size>0x34</size>
         <input_file_ref idref="fl-12"/>
      </object_component>
      <object_component id="oc-67e">
         <name>.text:getPowerMgrId</name>
         <load_address>0x100304c</load_address>
         <run_address>0x100304c</run_address>
         <size>0x34</size>
         <input_file_ref idref="fl-12"/>
      </object_component>
      <object_component id="oc-383">
         <name>.text:ClockP_start</name>
         <load_address>0x1003080</load_address>
         <run_address>0x1003080</run_address>
         <size>0x30</size>
         <input_file_ref idref="fl-16"/>
      </object_component>
      <object_component id="oc-5d2">
         <name>.text:PowerCC32XX_restoreParkedPin</name>
         <load_address>0x10030b0</load_address>
         <run_address>0x10030b0</run_address>
         <size>0x30</size>
         <input_file_ref idref="fl-10"/>
      </object_component>
      <object_component id="oc-2d3">
         <name>.text:HwiP_create</name>
         <load_address>0x10030e0</load_address>
         <run_address>0x10030e0</run_address>
         <size>0x2a</size>
         <input_file_ref idref="fl-17"/>
      </object_component>
      <object_component id="oc-634">
         <name>.text:TimerLoadSet</name>
         <load_address>0x100310a</load_address>
         <run_address>0x100310a</run_address>
         <size>0x2a</size>
         <input_file_ref idref="fl-20"/>
      </object_component>
      <object_component id="oc-62e">
         <name>.text:TimerPrescaleSet</name>
         <load_address>0x1003134</load_address>
         <run_address>0x1003134</run_address>
         <size>0x2a</size>
         <input_file_ref idref="fl-20"/>
      </object_component>
      <object_component id="oc-74">
         <name>.text:busFaultHandler</name>
         <load_address>0x100315e</load_address>
         <run_address>0x100315e</run_address>
         <size>0x2</size>
         <input_file_ref idref="fl-19"/>
      </object_component>
      <object_component id="oc-262">
         <name>.text:PRCMPeripheralClkDisable</name>
         <load_address>0x1003160</load_address>
         <run_address>0x1003160</run_address>
         <size>0x28</size>
         <input_file_ref idref="fl-1f"/>
      </object_component>
      <object_component id="oc-2a1">
         <name>.text:Power_registerNotify</name>
         <load_address>0x1003188</load_address>
         <run_address>0x1003188</run_address>
         <size>0x28</size>
         <input_file_ref idref="fl-10"/>
      </object_component>
      <object_component id="oc-4a2">
         <name>.text:free_list_insert</name>
         <load_address>0x10031b0</load_address>
         <run_address>0x10031b0</run_address>
         <size>0x28</size>
         <input_file_ref idref="fl-de"/>
      </object_component>
      <object_component id="oc-3a5">
         <name>.text:List_put</name>
         <load_address>0x10031d8</load_address>
         <run_address>0x10031d8</run_address>
         <size>0x26</size>
         <input_file_ref idref="fl-13"/>
      </object_component>
      <object_component id="oc-66f">
         <name>.text:List_remove</name>
         <load_address>0x10031fe</load_address>
         <run_address>0x10031fe</run_address>
         <size>0x26</size>
         <input_file_ref idref="fl-13"/>
      </object_component>
      <object_component id="oc-4ca">
         <name>.text:HwiP_dispatch</name>
         <load_address>0x1003224</load_address>
         <run_address>0x1003224</run_address>
         <size>0x24</size>
         <input_file_ref idref="fl-17"/>
      </object_component>
      <object_component id="oc-c6">
         <name>.text:_c_int00_noargs:_c_int00_noargs</name>
         <load_address>0x1003248</load_address>
         <run_address>0x1003248</run_address>
         <size>0x24</size>
         <input_file_ref idref="fl-df"/>
      </object_component>
      <object_component id="oc-677">
         <name>.text:HwiP_destruct</name>
         <load_address>0x100326c</load_address>
         <run_address>0x100326c</run_address>
         <size>0x20</size>
         <input_file_ref idref="fl-17"/>
      </object_component>
      <object_component id="oc-5f3">
         <name>.text:Power_unregisterNotify</name>
         <load_address>0x100328c</load_address>
         <run_address>0x100328c</run_address>
         <size>0x20</size>
         <input_file_ref idref="fl-10"/>
      </object_component>
      <object_component id="oc-64e">
         <name>.text:TimerDisable</name>
         <load_address>0x10032ac</load_address>
         <run_address>0x10032ac</run_address>
         <size>0x1e</size>
         <input_file_ref idref="fl-20"/>
      </object_component>
      <object_component id="oc-647">
         <name>.text:TimerEnable</name>
         <load_address>0x10032ca</load_address>
         <run_address>0x10032ca</run_address>
         <size>0x1e</size>
         <input_file_ref idref="fl-20"/>
      </object_component>
      <object_component id="oc-5af">
         <name>.text:PinToPadGet</name>
         <load_address>0x10032e8</load_address>
         <run_address>0x10032e8</run_address>
         <size>0x1c</size>
         <input_file_ref idref="fl-1e"/>
      </object_component>
      <object_component id="oc-438">
         <name>.text:SwiP_disable</name>
         <load_address>0x1003304</load_address>
         <run_address>0x1003304</run_address>
         <size>0x1c</size>
         <input_file_ref idref="fl-1a"/>
      </object_component>
      <object_component id="oc-48">
         <name>.text:decompress:ZI:__TI_zero_init_nomemset:__TI_zero_init_nomemset</name>
         <load_address>0x1003320</load_address>
         <run_address>0x1003320</run_address>
         <size>0x1c</size>
         <input_file_ref idref="fl-db"/>
      </object_component>
      <object_component id="oc-49c">
         <name>.text:free_list_remove</name>
         <load_address>0x100333c</load_address>
         <run_address>0x100333c</run_address>
         <size>0x1c</size>
         <input_file_ref idref="fl-de"/>
      </object_component>
      <object_component id="oc-283">
         <name>.text:SemaphoreP_createBinary</name>
         <load_address>0x1003358</load_address>
         <run_address>0x1003358</run_address>
         <size>0x1a</size>
         <input_file_ref idref="fl-15"/>
      </object_component>
      <object_component id="oc-39b">
         <name>.text:clkFxn</name>
         <load_address>0x1003372</load_address>
         <run_address>0x1003372</run_address>
         <size>0x2</size>
         <input_file_ref idref="fl-15"/>
      </object_component>
      <object_component id="oc-22">
         <name>.text:resetISR</name>
         <load_address>0x1003374</load_address>
         <run_address>0x1003374</run_address>
         <size>0x1a</size>
         <input_file_ref idref="fl-19"/>
      </object_component>
      <object_component id="oc-6e">
         <name>.text:defaultHandler</name>
         <load_address>0x100338e</load_address>
         <run_address>0x100338e</run_address>
         <size>0x2</size>
         <input_file_ref idref="fl-19"/>
      </object_component>
      <object_component id="oc-44a">
         <name>.text:Power_getTransitionLatency</name>
         <load_address>0x1003390</load_address>
         <run_address>0x1003390</run_address>
         <size>0x18</size>
         <input_file_ref idref="fl-10"/>
      </object_component>
      <object_component id="oc-544">
         <name>.text:Power_idleFunc</name>
         <load_address>0x10033a8</load_address>
         <run_address>0x10033a8</run_address>
         <size>0x18</size>
         <input_file_ref idref="fl-10"/>
      </object_component>
      <object_component id="oc-56d">
         <name>.text:TimerCC32XX_getCount</name>
         <load_address>0x10033c0</load_address>
         <run_address>0x10033c0</run_address>
         <size>0x18</size>
         <input_file_ref idref="fl-12"/>
      </object_component>
      <object_component id="oc-654">
         <name>.text:TimerIntDisable</name>
         <load_address>0x10033d8</load_address>
         <run_address>0x10033d8</run_address>
         <size>0x18</size>
         <input_file_ref idref="fl-20"/>
      </object_component>
      <object_component id="oc-63b">
         <name>.text:TimerIntEnable</name>
         <load_address>0x10033f0</load_address>
         <run_address>0x10033f0</run_address>
         <size>0x18</size>
         <input_file_ref idref="fl-20"/>
      </object_component>
      <object_component id="oc-1f2">
         <name>.text:gpioButtonFxn0</name>
         <load_address>0x1003408</load_address>
         <run_address>0x1003408</run_address>
         <size>0x18</size>
         <input_file_ref idref="fl-2"/>
      </object_component>
      <object_component id="oc-1f8">
         <name>.text:gpioButtonFxn1</name>
         <load_address>0x1003420</load_address>
         <run_address>0x1003420</run_address>
         <size>0x18</size>
         <input_file_ref idref="fl-2"/>
      </object_component>
      <object_component id="oc-467">
         <name>.text</name>
         <load_address>0x1003438</load_address>
         <run_address>0x1003438</run_address>
         <size>0x18</size>
         <input_file_ref idref="fl-d8"/>
      </object_component>
      <object_component id="oc-250">
         <name>.text:PRCMHIBRegRead</name>
         <load_address>0x1003450</load_address>
         <run_address>0x1003450</run_address>
         <size>0x16</size>
         <input_file_ref idref="fl-1f"/>
      </object_component>
      <object_component id="oc-24a">
         <name>.text:PRCMHIBRegWrite</name>
         <load_address>0x1003466</load_address>
         <run_address>0x1003466</run_address>
         <size>0x16</size>
         <input_file_ref idref="fl-1f"/>
      </object_component>
      <object_component id="oc-36b">
         <name>.text:SemaphoreP_create</name>
         <load_address>0x100347c</load_address>
         <run_address>0x100347c</run_address>
         <size>0x16</size>
         <input_file_ref idref="fl-15"/>
      </object_component>
      <object_component id="oc-a4">
         <name>.text:CPUcpsid</name>
         <load_address>0x1003492</load_address>
         <run_address>0x1003492</run_address>
         <size>0x14</size>
         <input_file_ref idref="fl-1c"/>
      </object_component>
      <object_component id="oc-68">
         <name>.text:faultISR</name>
         <load_address>0x10034a6</load_address>
         <run_address>0x10034a6</run_address>
         <size>0x2</size>
         <input_file_ref idref="fl-19"/>
      </object_component>
      <object_component id="oc-3ac">
         <name>.text:HwiP_inISR</name>
         <load_address>0x10034a8</load_address>
         <run_address>0x10034a8</run_address>
         <size>0x14</size>
         <input_file_ref idref="fl-17"/>
      </object_component>
      <object_component id="oc-b0">
         <name>.text:IntVTableBaseSet</name>
         <load_address>0x10034bc</load_address>
         <run_address>0x10034bc</run_address>
         <size>0x14</size>
         <input_file_ref idref="fl-1d"/>
      </object_component>
      <object_component id="oc-3b2">
         <name>.text:Power_disablePolicy</name>
         <load_address>0x10034d0</load_address>
         <run_address>0x10034d0</run_address>
         <size>0x14</size>
         <input_file_ref idref="fl-10"/>
      </object_component>
      <object_component id="oc-5cb">
         <name>.text:Power_getDependencyCount</name>
         <load_address>0x10034e4</load_address>
         <run_address>0x10034e4</run_address>
         <size>0x14</size>
         <input_file_ref idref="fl-10"/>
      </object_component>
      <object_component id="oc-2cd">
         <name>.text:HwiP_Params_init</name>
         <load_address>0x10034f8</load_address>
         <run_address>0x10034f8</run_address>
         <size>0x12</size>
         <input_file_ref idref="fl-17"/>
      </object_component>
      <object_component id="oc-698">
         <name>.text:TimerIntClear</name>
         <load_address>0x100350a</load_address>
         <run_address>0x100350a</run_address>
         <size>0x12</size>
         <input_file_ref idref="fl-20"/>
      </object_component>
      <object_component id="oc-11b">
         <name>.text:main</name>
         <load_address>0x100351c</load_address>
         <run_address>0x100351c</run_address>
         <size>0x12</size>
         <input_file_ref idref="fl-4"/>
      </object_component>
      <object_component id="oc-153">
         <name>.text:Board_init</name>
         <load_address>0x100352e</load_address>
         <run_address>0x100352e</run_address>
         <size>0x10</size>
         <input_file_ref idref="fl-3"/>
      </object_component>
      <object_component id="oc-37d">
         <name>.text:ClockP_add</name>
         <load_address>0x100353e</load_address>
         <run_address>0x100353e</run_address>
         <size>0x10</size>
         <input_file_ref idref="fl-16"/>
      </object_component>
      <object_component id="oc-62">
         <name>.text:nmiISR</name>
         <load_address>0x100354e</load_address>
         <run_address>0x100354e</run_address>
         <size>0x2</size>
         <input_file_ref idref="fl-19"/>
      </object_component>
      <object_component id="oc-432">
         <name>.text:ClockP_getCpuFreq</name>
         <load_address>0x1003550</load_address>
         <run_address>0x1003550</run_address>
         <size>0x10</size>
         <input_file_ref idref="fl-16"/>
      </object_component>
      <object_component id="oc-450">
         <name>.text:ClockP_getSystemTicks</name>
         <load_address>0x1003560</load_address>
         <run_address>0x1003560</run_address>
         <size>0x10</size>
         <input_file_ref idref="fl-16"/>
      </object_component>
      <object_component id="oc-46c">
         <name>.text:ClockP_setTicks</name>
         <load_address>0x1003570</load_address>
         <run_address>0x1003570</run_address>
         <size>0x10</size>
         <input_file_ref idref="fl-16"/>
      </object_component>
      <object_component id="oc-5ff">
         <name>.text:HwiP_delete</name>
         <load_address>0x1003580</load_address>
         <run_address>0x1003580</run_address>
         <size>0x10</size>
         <input_file_ref idref="fl-17"/>
      </object_component>
      <object_component id="oc-28f">
         <name>.text:HwiP_restore</name>
         <load_address>0x1003590</load_address>
         <run_address>0x1003590</run_address>
         <size>0x10</size>
         <input_file_ref idref="fl-17"/>
      </object_component>
      <object_component id="oc-389">
         <name>.text:Power_enablePolicy</name>
         <load_address>0x10035a0</load_address>
         <run_address>0x10035a0</run_address>
         <size>0x10</size>
         <input_file_ref idref="fl-10"/>
      </object_component>
      <object_component id="oc-365">
         <name>.text:SemaphoreP_Params_init</name>
         <load_address>0x10035b0</load_address>
         <run_address>0x10035b0</run_address>
         <size>0x10</size>
         <input_file_ref idref="fl-15"/>
      </object_component>
      <object_component id="oc-301">
         <name>.text:Timer_Params_init</name>
         <load_address>0x10035c0</load_address>
         <run_address>0x10035c0</run_address>
         <size>0x10</size>
         <input_file_ref idref="fl-e"/>
      </object_component>
      <object_component id="oc-5f9">
         <name>.text:HwiP_clearInterrupt</name>
         <load_address>0x10035d0</load_address>
         <run_address>0x10035d0</run_address>
         <size>0xe</size>
         <input_file_ref idref="fl-17"/>
      </object_component>
      <object_component id="oc-289">
         <name>.text:HwiP_disable</name>
         <load_address>0x10035de</load_address>
         <run_address>0x10035de</run_address>
         <size>0xe</size>
         <input_file_ref idref="fl-17"/>
      </object_component>
      <object_component id="oc-159">
         <name>.text:HwiP_enable</name>
         <load_address>0x10035ec</load_address>
         <run_address>0x10035ec</run_address>
         <size>0xe</size>
         <input_file_ref idref="fl-17"/>
      </object_component>
      <object_component id="oc-1b">
         <name>.text:decompress:none:__TI_decompress_none</name>
         <load_address>0x10035fa</load_address>
         <run_address>0x10035fa</run_address>
         <size>0xe</size>
         <input_file_ref idref="fl-dc"/>
      </object_component>
      <object_component id="oc-43e">
         <name>.text:Power_getConstraintMask</name>
         <load_address>0x1003608</load_address>
         <run_address>0x1003608</run_address>
         <size>0xc</size>
         <input_file_ref idref="fl-10"/>
      </object_component>
      <object_component id="oc-621">
         <name>.text:postNotifyFxn</name>
         <load_address>0x1003614</load_address>
         <run_address>0x1003614</run_address>
         <size>0xc</size>
         <input_file_ref idref="fl-12"/>
      </object_component>
      <object_component id="oc-38f">
         <name>.text:ClockP_isActive</name>
         <load_address>0x1003620</load_address>
         <run_address>0x1003620</run_address>
         <size>0xa</size>
         <input_file_ref idref="fl-16"/>
      </object_component>
      <object_component id="oc-54">
         <name>.text:IntMasterDisable</name>
         <load_address>0x100362a</load_address>
         <run_address>0x100362a</run_address>
         <size>0xa</size>
         <input_file_ref idref="fl-1d"/>
      </object_component>
      <object_component id="oc-30d">
         <name>.text:Timer_start</name>
         <load_address>0x1003634</load_address>
         <run_address>0x1003634</run_address>
         <size>0xa</size>
         <input_file_ref idref="fl-e"/>
      </object_component>
      <object_component id="oc-3d1">
         <name>.text:malloc</name>
         <load_address>0x100363e</load_address>
         <run_address>0x100363e</run_address>
         <size>0x8</size>
         <input_file_ref idref="fl-de"/>
      </object_component>
      <object_component id="oc-567">
         <name>.text:TimerCC32XX_control</name>
         <load_address>0x1003646</load_address>
         <run_address>0x1003646</run_address>
         <size>0x6</size>
         <input_file_ref idref="fl-12"/>
      </object_component>
      <object_component id="oc-249">
         <name>.text:UtilsDelay</name>
         <load_address>0x100364c</load_address>
         <run_address>0x100364c</run_address>
         <size>0x6</size>
         <input_file_ref idref="fl-21"/>
      </object_component>
      <object_component id="oc-53a">
         <name>.text:HwiP_post</name>
         <load_address>0x1003652</load_address>
         <run_address>0x1003652</run_address>
         <size>0x4</size>
         <input_file_ref idref="fl-17"/>
      </object_component>
      <object_component id="oc-295">
         <name>.text:SemaphoreP_delete</name>
         <load_address>0x1003656</load_address>
         <run_address>0x1003656</run_address>
         <size>0x4</size>
         <input_file_ref idref="fl-15"/>
      </object_component>
      <object_component id="oc-115">
         <name>.text:_system_pre_init</name>
         <load_address>0x100365a</load_address>
         <run_address>0x100365a</run_address>
         <size>0x4</size>
         <input_file_ref idref="fl-e3"/>
      </object_component>
      <object_component id="oc-166">
         <name>.text:abort:abort</name>
         <load_address>0x100365e</load_address>
         <run_address>0x100365e</run_address>
         <size>0x4</size>
         <input_file_ref idref="fl-e5"/>
      </object_component>
      <object_component id="oc-4fc">
         <name>.text</name>
         <load_address>0x1003662</load_address>
         <run_address>0x1003662</run_address>
         <size>0x2</size>
         <input_file_ref idref="fl-e0"/>
      </object_component>
      <object_component id="oc-34a">
         <name>.const:g_ulPinToPadMap</name>
         <load_address>0x1003664</load_address>
         <run_address>0x1003664</run_address>
         <size>0x100</size>
         <input_file_ref idref="fl-1e"/>
      </object_component>
      <object_component id="oc-343">
         <name>.const:PRCM_PeriphRegsList</name>
         <load_address>0x1003764</load_address>
         <run_address>0x1003764</run_address>
         <size>0xa8</size>
         <input_file_ref idref="fl-1f"/>
      </object_component>
      <object_component id="oc-27e">
         <name>.const:PowerCC32XX_config</name>
         <load_address>0x100380c</load_address>
         <run_address>0x100380c</run_address>
         <size>0x44</size>
         <input_file_ref idref="fl-3"/>
      </object_component>
      <object_component id="oc-2d9">
         <name>.const:.string:pinTable</name>
         <load_address>0x1003850</load_address>
         <run_address>0x1003850</run_address>
         <size>0x21</size>
         <input_file_ref idref="fl-f"/>
      </object_component>
      <object_component id="oc-4d8">
         <name>.const:TimerCC32XX_fxnTable</name>
         <load_address>0x1003874</load_address>
         <run_address>0x1003874</run_address>
         <size>0x20</size>
         <input_file_ref idref="fl-12"/>
      </object_component>
      <object_component id="oc-10f">
         <name>.const:g_pulEnRegs</name>
         <load_address>0x1003894</load_address>
         <run_address>0x1003894</run_address>
         <size>0x18</size>
         <input_file_ref idref="fl-1d"/>
      </object_component>
      <object_component id="oc-66b">
         <name>.const:g_pulPendRegs</name>
         <load_address>0x10038ac</load_address>
         <run_address>0x10038ac</run_address>
         <size>0x18</size>
         <input_file_ref idref="fl-1d"/>
      </object_component>
      <object_component id="oc-2b1">
         <name>.const:GPIOCC32XX_config</name>
         <load_address>0x10038c4</load_address>
         <run_address>0x10038c4</run_address>
         <size>0x14</size>
         <input_file_ref idref="fl-3"/>
      </object_component>
      <object_component id="oc-2f4">
         <name>.const:gpioBaseAddresses</name>
         <load_address>0x10038d8</load_address>
         <run_address>0x10038d8</run_address>
         <size>0x14</size>
         <input_file_ref idref="fl-f"/>
      </object_component>
      <object_component id="oc-2dc">
         <name>.const:powerResources</name>
         <load_address>0x10038ec</load_address>
         <run_address>0x10038ec</run_address>
         <size>0x14</size>
         <input_file_ref idref="fl-f"/>
      </object_component>
      <object_component id="oc-4dc">
         <name>.const:timerCC32XXHWAttrs</name>
         <load_address>0x1003900</load_address>
         <run_address>0x1003900</run_address>
         <size>0x10</size>
         <input_file_ref idref="fl-3"/>
      </object_component>
      <object_component id="oc-3fc">
         <name>.const:Timer_config</name>
         <load_address>0x1003910</load_address>
         <run_address>0x1003910</run_address>
         <size>0xc</size>
         <input_file_ref idref="fl-3"/>
      </object_component>
      <object_component id="oc-400">
         <name>.const:defaultParams</name>
         <load_address>0x100391c</load_address>
         <run_address>0x100391c</run_address>
         <size>0xc</size>
         <input_file_ref idref="fl-e"/>
      </object_component>
      <object_component id="oc-2e2">
         <name>.const:outPinTypes</name>
         <load_address>0x1003928</load_address>
         <run_address>0x1003928</run_address>
         <size>0x8</size>
         <input_file_ref idref="fl-f"/>
      </object_component>
      <object_component id="oc-2f1">
         <name>.const:.string:interruptType</name>
         <load_address>0x1003930</load_address>
         <run_address>0x1003930</run_address>
         <size>0x6</size>
         <input_file_ref idref="fl-f"/>
      </object_component>
      <object_component id="oc-2e5">
         <name>.const:inPinTypes</name>
         <load_address>0x1003936</load_address>
         <run_address>0x1003936</run_address>
         <size>0x6</size>
         <input_file_ref idref="fl-f"/>
      </object_component>
      <object_component id="oc-2df">
         <name>.const:outPinStrengths</name>
         <load_address>0x100393c</load_address>
         <run_address>0x100393c</run_address>
         <size>0x6</size>
         <input_file_ref idref="fl-f"/>
      </object_component>
      <object_component id="oc-3f9">
         <name>.const</name>
         <load_address>0x1003942</load_address>
         <run_address>0x1003942</run_address>
         <size>0x6</size>
         <input_file_ref idref="fl-3"/>
      </object_component>
      <object_component id="oc-2e8">
         <name>.const:.string:portInterruptIds</name>
         <load_address>0x1003948</load_address>
         <run_address>0x1003948</run_address>
         <size>0x4</size>
         <input_file_ref idref="fl-f"/>
      </object_component>
      <object_component id="oc-6e7">
         <name>.cinit..data.load</name>
         <load_address>0x1003950</load_address>
         <run_address>0x1003950</run_address>
         <size>0xce</size>
      </object_component>
      <object_component id="oc-6e5">
         <name>__TI_handler_table</name>
         <load_address>0x1003a20</load_address>
         <run_address>0x1003a20</run_address>
         <size>0xc</size>
      </object_component>
      <object_component id="oc-6e8">
         <name>.cinit..bss.load</name>
         <load_address>0x1003a30</load_address>
         <run_address>0x1003a30</run_address>
         <size>0x8</size>
      </object_component>
      <object_component id="oc-6e6">
         <name>__TI_cinit_table</name>
         <load_address>0x1003a38</load_address>
         <run_address>0x1003a38</run_address>
         <size>0x10</size>
      </object_component>
      <object_component id="oc-31a">
         <name>.data</name>
         <load_address>0x200088c4</load_address>
         <run_address>0x200088c4</run_address>
         <size>0x8</size>
         <input_file_ref idref="fl-2"/>
      </object_component>
      <object_component id="oc-3bb">
         <name>.data:gpioPinConfigs</name>
         <load_address>0x20008890</load_address>
         <run_address>0x20008890</run_address>
         <size>0x10</size>
         <input_file_ref idref="fl-3"/>
      </object_component>
      <object_component id="oc-3be">
         <name>.data:gpioCallbackFunctions</name>
         <load_address>0x20008880</load_address>
         <run_address>0x20008880</run_address>
         <size>0x10</size>
         <input_file_ref idref="fl-3"/>
      </object_component>
      <object_component id="oc-360">
         <name>.data:parkInfo</name>
         <load_address>0x20008788</load_address>
         <run_address>0x20008788</run_address>
         <size>0xf8</size>
         <input_file_ref idref="fl-3"/>
      </object_component>
      <object_component id="oc-3f6">
         <name>.data</name>
         <load_address>0x200088d9</load_address>
         <run_address>0x200088d9</run_address>
         <size>0x1</size>
         <input_file_ref idref="fl-e"/>
      </object_component>
      <object_component id="oc-2ae">
         <name>.data</name>
         <load_address>0x200088a0</load_address>
         <run_address>0x200088a0</run_address>
         <size>0x9</size>
         <input_file_ref idref="fl-f"/>
      </object_component>
      <object_component id="oc-27b">
         <name>.data:PowerCC32XX_module</name>
         <load_address>0x2000861c</load_address>
         <run_address>0x2000861c</run_address>
         <size>0x16c</size>
         <input_file_ref idref="fl-10"/>
      </object_component>
      <object_component id="oc-3a1">
         <name>.data</name>
         <load_address>0x200088a9</load_address>
         <run_address>0x200088a9</run_address>
         <size>0x3</size>
         <input_file_ref idref="fl-15"/>
      </object_component>
      <object_component id="oc-47e">
         <name>.data:SemaphoreP_defaultParams</name>
         <load_address>0x200088bc</load_address>
         <run_address>0x200088bc</run_address>
         <size>0x8</size>
         <input_file_ref idref="fl-15"/>
      </object_component>
      <object_component id="oc-478">
         <name>.data</name>
         <load_address>0x200088d4</load_address>
         <run_address>0x200088d4</run_address>
         <size>0x5</size>
         <input_file_ref idref="fl-16"/>
      </object_component>
      <object_component id="oc-4c7">
         <name>.data:HwiP_dispatchTable</name>
         <load_address>0x20008310</load_address>
         <run_address>0x20008310</run_address>
         <size>0x30c</size>
         <input_file_ref idref="fl-17"/>
      </object_component>
      <object_component id="oc-4d0">
         <name>.data</name>
         <load_address>0x200088cc</load_address>
         <run_address>0x200088cc</run_address>
         <size>0x8</size>
         <input_file_ref idref="fl-17"/>
      </object_component>
      <object_component id="oc-54d">
         <name>.data:$O1$$</name>
         <load_address>0x200088b4</load_address>
         <run_address>0x200088b4</run_address>
         <size>0x8</size>
         <input_file_ref idref="fl-de"/>
      </object_component>
      <object_component id="oc-203">
         <name>.data:$O1$$</name>
         <load_address>0x200088ac</load_address>
         <run_address>0x200088ac</run_address>
         <size>0x8</size>
         <input_file_ref idref="fl-e6"/>
      </object_component>
      <object_component id="oc-2bd">
         <name>.bss:gpioCallbackInfo</name>
         <uninitialized>true</uninitialized>
         <run_address>0x20008a40</run_address>
         <size>0x20</size>
         <input_file_ref idref="fl-f"/>
      </object_component>
      <object_component id="oc-2b4">
         <name>.bss:powerNotifyObj</name>
         <uninitialized>true</uninitialized>
         <run_address>0x20008a60</run_address>
         <size>0x14</size>
         <input_file_ref idref="fl-f"/>
      </object_component>
      <object_component id="oc-2ad">
         <name>.bss</name>
         <uninitialized>true</uninitialized>
         <run_address>0x20008a74</run_address>
         <size>0x4</size>
         <input_file_ref idref="fl-f"/>
      </object_component>
      <object_component id="oc-68a">
         <name>.bss:timerState</name>
         <uninitialized>true</uninitialized>
         <run_address>0x20008a9c</run_address>
         <size>0x4</size>
         <input_file_ref idref="fl-12"/>
      </object_component>
      <object_component id="oc-5a7">
         <name>.bss</name>
         <uninitialized>true</uninitialized>
         <run_address>0x20008a98</run_address>
         <size>0x4</size>
         <input_file_ref idref="fl-16"/>
      </object_component>
      <object_component id="oc-4e7">
         <name>.bss</name>
         <uninitialized>true</uninitialized>
         <run_address>0x20008a88</run_address>
         <size>0xd</size>
         <input_file_ref idref="fl-1a"/>
      </object_component>
      <object_component id="oc-4db">
         <name>.common:timerCC32XXObjects</name>
         <uninitialized>true</uninitialized>
         <run_address>0x20008a0c</run_address>
         <size>0x34</size>
      </object_component>
      <object_component id="oc-5bc">
         <name>.common:PowerCC32XX_contextSave</name>
         <uninitialized>true</uninitialized>
         <run_address>0x200088e0</run_address>
         <size>0x12c</size>
      </object_component>
      <object_component id="oc-e2">
         <name>.common:ClockP_ctrl</name>
         <uninitialized>true</uninitialized>
         <run_address>0x20008a78</run_address>
         <size>0x10</size>
      </object_component>
      <object_component id="oc-2b">
         <name>.sysmem</name>
         <uninitialized>true</uninitialized>
         <run_address>0x20000310</run_address>
         <size>0x10</size>
         <input_file_ref idref="fl-de"/>
      </object_component>
      <object_component id="oc-6eb">
         <name>.sysmem</name>
         <uninitialized>true</uninitialized>
         <run_address>0x20000310</run_address>
         <size>0x0</size>
      </object_component>
      <object_component id="oc-2e">
         <name>.stack</name>
         <uninitialized>true</uninitialized>
         <run_address>0x2003f000</run_address>
         <size>0x4</size>
         <input_file_ref idref="fl-df"/>
      </object_component>
      <object_component id="oc-6ea">
         <name>.stack</name>
         <uninitialized>true</uninitialized>
         <run_address>0x2003f000</run_address>
         <size>0x0</size>
      </object_component>
      <object_component id="oc-28">
         <name>.resetVecs:retain</name>
         <load_address>0x1000800</load_address>
         <run_address>0x1000800</run_address>
         <size>0x40</size>
         <input_file_ref idref="fl-19"/>
      </object_component>
      <object_component id="oc-bc">
         <name>.ramVecs</name>
         <uninitialized>true</uninitialized>
         <run_address>0x20000000</run_address>
         <size>0x30c</size>
         <input_file_ref idref="fl-19"/>
      </object_component>
      <object_component id="oc-14e">
         <name>.debug_info</name>
         <load_address>0x0</load_address>
         <run_address>0x0</run_address>
         <size>0x3e0</size>
         <input_file_ref idref="fl-2"/>
      </object_component>
      <object_component id="oc-31b">
         <name>.debug_info</name>
         <load_address>0x3e0</load_address>
         <run_address>0x3e0</run_address>
         <size>0x194</size>
         <input_file_ref idref="fl-2"/>
      </object_component>
      <object_component id="oc-315">
         <name>.debug_info</name>
         <load_address>0x574</load_address>
         <run_address>0x574</run_address>
         <size>0x321</size>
         <input_file_ref idref="fl-2"/>
      </object_component>
      <object_component id="oc-1ee">
         <name>.debug_info</name>
         <load_address>0x895</load_address>
         <run_address>0x895</run_address>
         <size>0x1ac</size>
         <input_file_ref idref="fl-2"/>
      </object_component>
      <object_component id="oc-1f4">
         <name>.debug_info</name>
         <load_address>0xa41</load_address>
         <run_address>0xa41</run_address>
         <size>0x165</size>
         <input_file_ref idref="fl-2"/>
      </object_component>
      <object_component id="oc-1fa">
         <name>.debug_info</name>
         <load_address>0xba6</load_address>
         <run_address>0xba6</run_address>
         <size>0x165</size>
         <input_file_ref idref="fl-2"/>
      </object_component>
      <object_component id="oc-160">
         <name>.debug_info</name>
         <load_address>0xd0b</load_address>
         <run_address>0xd0b</run_address>
         <size>0x240</size>
         <input_file_ref idref="fl-2"/>
      </object_component>
      <object_component id="oc-1af">
         <name>.debug_info</name>
         <load_address>0xf4b</load_address>
         <run_address>0xf4b</run_address>
         <size>0x2a9</size>
         <input_file_ref idref="fl-2"/>
      </object_component>
      <object_component id="oc-1aa">
         <name>.debug_info</name>
         <load_address>0x11f4</load_address>
         <run_address>0x11f4</run_address>
         <size>0x71</size>
         <input_file_ref idref="fl-2"/>
      </object_component>
      <object_component id="oc-e8">
         <name>.debug_info</name>
         <load_address>0x1265</load_address>
         <run_address>0x1265</run_address>
         <size>0x26b</size>
         <input_file_ref idref="fl-2"/>
      </object_component>
      <object_component id="oc-109">
         <name>.debug_info</name>
         <load_address>0x14d0</load_address>
         <run_address>0x14d0</run_address>
         <size>0x8b</size>
         <input_file_ref idref="fl-2"/>
      </object_component>
      <object_component id="oc-1b9">
         <name>.debug_info</name>
         <load_address>0x155b</load_address>
         <run_address>0x155b</run_address>
         <size>0x3b</size>
         <input_file_ref idref="fl-2"/>
      </object_component>
      <object_component id="oc-149">
         <name>.debug_info</name>
         <load_address>0x1596</load_address>
         <run_address>0x1596</run_address>
         <size>0x2a4</size>
         <input_file_ref idref="fl-2"/>
      </object_component>
      <object_component id="oc-1b4">
         <name>.debug_info</name>
         <load_address>0x183a</load_address>
         <run_address>0x183a</run_address>
         <size>0xef</size>
         <input_file_ref idref="fl-2"/>
      </object_component>
      <object_component id="oc-130">
         <name>.debug_info</name>
         <load_address>0x1929</load_address>
         <run_address>0x1929</run_address>
         <size>0xbb</size>
         <input_file_ref idref="fl-2"/>
      </object_component>
      <object_component id="oc-5ea">
         <name>.debug_info</name>
         <load_address>0x19e4</load_address>
         <run_address>0x19e4</run_address>
         <size>0x53</size>
         <input_file_ref idref="fl-2"/>
      </object_component>
      <object_component id="oc-1a4">
         <name>.debug_info</name>
         <load_address>0x1a37</load_address>
         <run_address>0x1a37</run_address>
         <size>0x4b1</size>
         <input_file_ref idref="fl-3"/>
      </object_component>
      <object_component id="oc-3bc">
         <name>.debug_info</name>
         <load_address>0x1ee8</load_address>
         <run_address>0x1ee8</run_address>
         <size>0x10a</size>
         <input_file_ref idref="fl-3"/>
      </object_component>
      <object_component id="oc-3bf">
         <name>.debug_info</name>
         <load_address>0x1ff2</load_address>
         <run_address>0x1ff2</run_address>
         <size>0x118</size>
         <input_file_ref idref="fl-3"/>
      </object_component>
      <object_component id="oc-3fa">
         <name>.debug_info</name>
         <load_address>0x210a</load_address>
         <run_address>0x210a</run_address>
         <size>0x245</size>
         <input_file_ref idref="fl-3"/>
      </object_component>
      <object_component id="oc-2b2">
         <name>.debug_info</name>
         <load_address>0x234f</load_address>
         <run_address>0x234f</run_address>
         <size>0x110</size>
         <input_file_ref idref="fl-3"/>
      </object_component>
      <object_component id="oc-27f">
         <name>.debug_info</name>
         <load_address>0x245f</load_address>
         <run_address>0x245f</run_address>
         <size>0x112</size>
         <input_file_ref idref="fl-3"/>
      </object_component>
      <object_component id="oc-4dd">
         <name>.debug_info</name>
         <load_address>0x2571</load_address>
         <run_address>0x2571</run_address>
         <size>0x112</size>
         <input_file_ref idref="fl-3"/>
      </object_component>
      <object_component id="oc-3fd">
         <name>.debug_info</name>
         <load_address>0x2683</load_address>
         <run_address>0x2683</run_address>
         <size>0x106</size>
         <input_file_ref idref="fl-3"/>
      </object_component>
      <object_component id="oc-361">
         <name>.debug_info</name>
         <load_address>0x2789</load_address>
         <run_address>0x2789</run_address>
         <size>0xfe</size>
         <input_file_ref idref="fl-3"/>
      </object_component>
      <object_component id="oc-1cd">
         <name>.debug_info</name>
         <load_address>0x2887</load_address>
         <run_address>0x2887</run_address>
         <size>0x156</size>
         <input_file_ref idref="fl-3"/>
      </object_component>
      <object_component id="oc-154">
         <name>.debug_info</name>
         <load_address>0x29dd</load_address>
         <run_address>0x29dd</run_address>
         <size>0x18c</size>
         <input_file_ref idref="fl-3"/>
      </object_component>
      <object_component id="oc-22b">
         <name>.debug_info</name>
         <load_address>0x2b69</load_address>
         <run_address>0x2b69</run_address>
         <size>0x183</size>
         <input_file_ref idref="fl-3"/>
      </object_component>
      <object_component id="oc-135">
         <name>.debug_info</name>
         <load_address>0x2cec</load_address>
         <run_address>0x2cec</run_address>
         <size>0x100</size>
         <input_file_ref idref="fl-3"/>
      </object_component>
      <object_component id="oc-226">
         <name>.debug_info</name>
         <load_address>0x2dec</load_address>
         <run_address>0x2dec</run_address>
         <size>0x878</size>
         <input_file_ref idref="fl-3"/>
      </object_component>
      <object_component id="oc-23e">
         <name>.debug_info</name>
         <load_address>0x3664</load_address>
         <run_address>0x3664</run_address>
         <size>0xf8</size>
         <input_file_ref idref="fl-3"/>
      </object_component>
      <object_component id="oc-221">
         <name>.debug_info</name>
         <load_address>0x375c</load_address>
         <run_address>0x375c</run_address>
         <size>0x9a</size>
         <input_file_ref idref="fl-3"/>
      </object_component>
      <object_component id="oc-239">
         <name>.debug_info</name>
         <load_address>0x37f6</load_address>
         <run_address>0x37f6</run_address>
         <size>0xb6</size>
         <input_file_ref idref="fl-3"/>
      </object_component>
      <object_component id="oc-230">
         <name>.debug_info</name>
         <load_address>0x38ac</load_address>
         <run_address>0x38ac</run_address>
         <size>0xa1</size>
         <input_file_ref idref="fl-3"/>
      </object_component>
      <object_component id="oc-422">
         <name>.debug_info</name>
         <load_address>0x394d</load_address>
         <run_address>0x394d</run_address>
         <size>0x62</size>
         <input_file_ref idref="fl-3"/>
      </object_component>
      <object_component id="oc-ab">
         <name>.debug_info</name>
         <load_address>0x39af</load_address>
         <run_address>0x39af</run_address>
         <size>0x2c</size>
         <input_file_ref idref="fl-3"/>
      </object_component>
      <object_component id="oc-11c">
         <name>.debug_info</name>
         <load_address>0x39db</load_address>
         <run_address>0x39db</run_address>
         <size>0x157</size>
         <input_file_ref idref="fl-4"/>
      </object_component>
      <object_component id="oc-37">
         <name>.debug_info</name>
         <load_address>0x3b32</load_address>
         <run_address>0x3b32</run_address>
         <size>0x84</size>
         <input_file_ref idref="fl-4"/>
      </object_component>
      <object_component id="oc-1a6">
         <name>.debug_info</name>
         <load_address>0x3bb6</load_address>
         <run_address>0x3bb6</run_address>
         <size>0x2f4</size>
         <input_file_ref idref="fl-e"/>
      </object_component>
      <object_component id="oc-401">
         <name>.debug_info</name>
         <load_address>0x3eaa</load_address>
         <run_address>0x3eaa</run_address>
         <size>0xd6</size>
         <input_file_ref idref="fl-e"/>
      </object_component>
      <object_component id="oc-3f7">
         <name>.debug_info</name>
         <load_address>0x3f80</load_address>
         <run_address>0x3f80</run_address>
         <size>0xd6</size>
         <input_file_ref idref="fl-e"/>
      </object_component>
      <object_component id="oc-311">
         <name>.debug_info</name>
         <load_address>0x4056</load_address>
         <run_address>0x4056</run_address>
         <size>0x12e</size>
         <input_file_ref idref="fl-e"/>
      </object_component>
      <object_component id="oc-30b">
         <name>.debug_info</name>
         <load_address>0x4184</load_address>
         <run_address>0x4184</run_address>
         <size>0x167</size>
         <input_file_ref idref="fl-e"/>
      </object_component>
      <object_component id="oc-2ff">
         <name>.debug_info</name>
         <load_address>0x42eb</load_address>
         <run_address>0x42eb</run_address>
         <size>0x133</size>
         <input_file_ref idref="fl-e"/>
      </object_component>
      <object_component id="oc-303">
         <name>.debug_info</name>
         <load_address>0x441e</load_address>
         <run_address>0x441e</run_address>
         <size>0x11a</size>
         <input_file_ref idref="fl-e"/>
      </object_component>
      <object_component id="oc-13a">
         <name>.debug_info</name>
         <load_address>0x4538</load_address>
         <run_address>0x4538</run_address>
         <size>0x110</size>
         <input_file_ref idref="fl-e"/>
      </object_component>
      <object_component id="oc-2f8">
         <name>.debug_info</name>
         <load_address>0x4648</load_address>
         <run_address>0x4648</run_address>
         <size>0x5dd</size>
         <input_file_ref idref="fl-f"/>
      </object_component>
      <object_component id="oc-2f2">
         <name>.debug_info</name>
         <load_address>0x4c25</load_address>
         <run_address>0x4c25</run_address>
         <size>0xe0</size>
         <input_file_ref idref="fl-f"/>
      </object_component>
      <object_component id="oc-2e9">
         <name>.debug_info</name>
         <load_address>0x4d05</load_address>
         <run_address>0x4d05</run_address>
         <size>0xe6</size>
         <input_file_ref idref="fl-f"/>
      </object_component>
      <object_component id="oc-2e6">
         <name>.debug_info</name>
         <load_address>0x4deb</load_address>
         <run_address>0x4deb</run_address>
         <size>0xdb</size>
         <input_file_ref idref="fl-f"/>
      </object_component>
      <object_component id="oc-2e3">
         <name>.debug_info</name>
         <load_address>0x4ec6</load_address>
         <run_address>0x4ec6</run_address>
         <size>0xdd</size>
         <input_file_ref idref="fl-f"/>
      </object_component>
      <object_component id="oc-2e0">
         <name>.debug_info</name>
         <load_address>0x4fa3</load_address>
         <run_address>0x4fa3</run_address>
[...]
      <symbol id="sm-40d">
         <name>Power_setDependency</name>
         <value>0x1002131</value>
         <object_component_ref idref="oc-2c7"/>
      </symbol>
      <symbol id="sm-41e">
         <name>PowerCC32XX_enterLPDS</name>
         <value>0x1002b6d</value>
         <object_component_ref idref="oc-514"/>
      </symbol>
      <symbol id="sm-41f">
         <name>PowerCC32XX_resumeLPDS</name>
         <value>0x10026b3</value>
         <object_component_ref idref="oc-5be"/>
      </symbol>
      <symbol id="sm-4eb">
         <name>TimerCC32XX_open</name>
         <value>0x1001529</value>
         <object_component_ref idref="oc-579"/>
      </symbol>
      <symbol id="sm-4ec">
         <name>TimerCC32XX_init</name>
         <value>0x1002ae3</value>
         <object_component_ref idref="oc-573"/>
      </symbol>
      <symbol id="sm-4ed">
         <name>TimerCC32XX_fxnTable</name>
         <value>0x1003874</value>
         <object_component_ref idref="oc-4d8"/>
      </symbol>
      <symbol id="sm-4ee">
         <name>TimerCC32XX_setPeriod</name>
         <value>0x1001fa1</value>
         <object_component_ref idref="oc-57f"/>
      </symbol>
      <symbol id="sm-4ef">
         <name>TimerCC32XX_start</name>
         <value>0x1002229</value>
         <object_component_ref idref="oc-585"/>
      </symbol>
      <symbol id="sm-4f0">
         <name>TimerCC32XX_freeTimerResource</name>
         <value>0x1003019</value>
         <object_component_ref idref="oc-605"/>
      </symbol>
      <symbol id="sm-4f1">
         <name>TimerCC32XX_control</name>
         <value>0x1003647</value>
         <object_component_ref idref="oc-567"/>
      </symbol>
      <symbol id="sm-4f2">
         <name>TimerCC32XX_stop</name>
         <value>0x100265d</value>
         <object_component_ref idref="oc-58b"/>
      </symbol>
      <symbol id="sm-4f3">
         <name>TimerCC32XX_close</name>
         <value>0x1002db9</value>
         <object_component_ref idref="oc-561"/>
      </symbol>
      <symbol id="sm-4f4">
         <name>TimerCC32XX_allocateTimerResource</name>
         <value>0x10027f9</value>
         <object_component_ref idref="oc-60f"/>
      </symbol>
      <symbol id="sm-4f5">
         <name>TimerCC32XX_getCount</name>
         <value>0x10033c1</value>
         <object_component_ref idref="oc-56d"/>
      </symbol>
      <symbol id="sm-50d">
         <name>List_remove</name>
         <value>0x10031ff</value>
         <object_component_ref idref="oc-66f"/>
      </symbol>
      <symbol id="sm-50e">
         <name>List_put</name>
         <value>0x10031d9</value>
         <object_component_ref idref="oc-3a5"/>
      </symbol>
      <symbol id="sm-589">
         <name>SemaphoreP_defaultParams</name>
         <value>0x200088bc</value>
         <object_component_ref idref="oc-47e"/>
      </symbol>
      <symbol id="sm-58a">
         <name>SemaphoreP_construct</name>
         <value>0x10027a9</value>
         <object_component_ref idref="oc-482"/>
      </symbol>
      <symbol id="sm-58b">
         <name>SemaphoreP_create</name>
         <value>0x100347d</value>
         <object_component_ref idref="oc-36b"/>
      </symbol>
      <symbol id="sm-58c">
         <name>SemaphoreP_post</name>
         <value>0x1002bb1</value>
         <object_component_ref idref="oc-2a7"/>
      </symbol>
      <symbol id="sm-58d">
         <name>SemaphoreP_pend</name>
         <value>0x1001b09</value>
         <object_component_ref idref="oc-29b"/>
      </symbol>
      <symbol id="sm-58e">
         <name>SemaphoreP_delete</name>
         <value>0x1003657</value>
         <object_component_ref idref="oc-295"/>
      </symbol>
      <symbol id="sm-58f">
         <name>SemaphoreP_createBinary</name>
         <value>0x1003359</value>
         <object_component_ref idref="oc-283"/>
      </symbol>
      <symbol id="sm-590">
         <name>SemaphoreP_Params_init</name>
         <value>0x10035b1</value>
         <object_component_ref idref="oc-365"/>
      </symbol>
      <symbol id="sm-591">
         <name>clkFxn</name>
         <value>0x1003373</value>
         <object_component_ref idref="oc-39b"/>
      </symbol>
      <symbol id="sm-64c">
         <name>ClockP_ctrl</name>
         <value>0x20008a78</value>
      </symbol>
      <symbol id="sm-64d">
         <name>ClockP_doTick</name>
         <value>0x1002759</value>
         <object_component_ref idref="oc-7a"/>
      </symbol>
      <symbol id="sm-64e">
         <name>ClockP_startup</name>
         <value>0x1002fb1</value>
         <object_component_ref idref="oc-4f3"/>
      </symbol>
      <symbol id="sm-64f">
         <name>ClockP_stop</name>
         <value>0x1002ae5</value>
         <object_component_ref idref="oc-4aa"/>
      </symbol>
      <symbol id="sm-650">
         <name>ClockP_getTicksUntilInterrupt</name>
         <value>0x1002f7d</value>
         <object_component_ref idref="oc-444"/>
      </symbol>
      <symbol id="sm-651">
         <name>ClockP_setTicks</name>
         <value>0x1003571</value>
         <object_component_ref idref="oc-46c"/>
      </symbol>
      <symbol id="sm-652">
         <name>ClockP_tickPeriod</name>
         <value>0x200088d4</value>
         <object_component_ref idref="oc-478"/>
      </symbol>
      <symbol id="sm-653">
         <name>ClockP_getSystemTicks</name>
         <value>0x1003561</value>
         <object_component_ref idref="oc-450"/>
      </symbol>
      <symbol id="sm-654">
         <name>ClockP_destruct</name>
         <value>0x1002d41</value>
         <object_component_ref idref="oc-395"/>
      </symbol>
      <symbol id="sm-655">
         <name>ClockP_start</name>
         <value>0x1003081</value>
         <object_component_ref idref="oc-383"/>
      </symbol>
      <symbol id="sm-656">
         <name>ClockP_sysTickHandler</name>
         <value>0x1002759</value>
         <object_component_ref idref="oc-7a"/>
      </symbol>
      <symbol id="sm-657">
         <name>ClockP_isActive</name>
         <value>0x1003621</value>
         <object_component_ref idref="oc-38f"/>
      </symbol>
      <symbol id="sm-658">
         <name>ClockP_getCpuFreq</name>
         <value>0x1003551</value>
         <object_component_ref idref="oc-432"/>
      </symbol>
      <symbol id="sm-659">
         <name>ClockP_add</name>
         <value>0x100353f</value>
         <object_component_ref idref="oc-37d"/>
      </symbol>
      <symbol id="sm-6e2">
         <name>HwiP_delete</name>
         <value>0x1003581</value>
         <object_component_ref idref="oc-5ff"/>
      </symbol>
      <symbol id="sm-6e3">
         <name>HwiP_construct</name>
         <value>0x1001e05</value>
         <object_component_ref idref="oc-3d7"/>
      </symbol>
      <symbol id="sm-6e4">
         <name>HwiP_inISR</name>
         <value>0x10034a9</value>
         <object_component_ref idref="oc-3ac"/>
      </symbol>
      <symbol id="sm-6e5">
         <name>HwiP_dispatch</name>
         <value>0x1003225</value>
         <object_component_ref idref="oc-4ca"/>
      </symbol>
      <symbol id="sm-6e6">
         <name>HwiP_destruct</name>
         <value>0x100326d</value>
         <object_component_ref idref="oc-677"/>
      </symbol>
      <symbol id="sm-6e7">
         <name>HwiP_clearInterrupt</name>
         <value>0x10035d1</value>
         <object_component_ref idref="oc-5f9"/>
      </symbol>
      <symbol id="sm-6e8">
         <name>HwiP_swiPIntNum</name>
         <value>0x200088d0</value>
         <object_component_ref idref="oc-4d0"/>
      </symbol>
      <symbol id="sm-6e9">
         <name>HwiP_Params_init</name>
         <value>0x10034f9</value>
         <object_component_ref idref="oc-2cd"/>
      </symbol>
      <symbol id="sm-6ea">
         <name>HwiP_disable</name>
         <value>0x10035df</value>
         <object_component_ref idref="oc-289"/>
      </symbol>
      <symbol id="sm-6eb">
         <name>HwiP_key</name>
         <value>0x200088cc</value>
         <object_component_ref idref="oc-4d0"/>
      </symbol>
      <symbol id="sm-6ec">
         <name>HwiP_create</name>
         <value>0x10030e1</value>
         <object_component_ref idref="oc-2d3"/>
      </symbol>
      <symbol id="sm-6ed">
         <name>HwiP_post</name>
         <value>0x1003653</value>
         <object_component_ref idref="oc-53a"/>
      </symbol>
      <symbol id="sm-6ee">
         <name>HwiP_enable</name>
         <value>0x10035ed</value>
         <object_component_ref idref="oc-159"/>
      </symbol>
      <symbol id="sm-6ef">
         <name>HwiP_restore</name>
         <value>0x1003591</value>
         <object_component_ref idref="oc-28f"/>
      </symbol>
      <symbol id="sm-71f">
         <name>PowerCC32XX_initPolicy</name>
         <value>0x1002757</value>
         <object_component_ref idref="oc-354"/>
      </symbol>
      <symbol id="sm-720">
         <name>PowerCC32XX_sleepPolicy</name>
         <value>0x100110d</value>
         <object_component_ref idref="oc-35a"/>
      </symbol>
      <symbol id="sm-775">
         <name>resetISR</name>
         <value>0x1003375</value>
         <object_component_ref idref="oc-22"/>
      </symbol>
      <symbol id="sm-776">
         <name>resetVectorAddr</name>
         <value>0x1003388</value>
         <object_component_ref idref="oc-22"/>
      </symbol>
      <symbol id="sm-777">
         <name>initVectors</name>
         <value>0x1002ed5</value>
         <object_component_ref idref="oc-5a"/>
      </symbol>
      <symbol id="sm-778">
         <name>resetVectors</name>
         <value>0x1000800</value>
         <object_component_ref idref="oc-28"/>
      </symbol>
      <symbol id="sm-7a8">
         <name>SwiP_disable</name>
         <value>0x1003305</value>
         <object_component_ref idref="oc-438"/>
      </symbol>
      <symbol id="sm-7a9">
         <name>SwiP_restore</name>
         <value>0x1002bf5</value>
         <object_component_ref idref="oc-472"/>
      </symbol>
      <symbol id="sm-7b4">
         <name>CPUcpsid</name>
         <value>0x1003493</value>
         <object_component_ref idref="oc-a4"/>
      </symbol>
      <symbol id="sm-7f9">
         <name>IntVTableBaseSet</name>
         <value>0x10034bd</value>
         <object_component_ref idref="oc-b0"/>
      </symbol>
      <symbol id="sm-7fa">
         <name>IntEnable</name>
         <value>0x10019b9</value>
         <object_component_ref idref="oc-b6"/>
      </symbol>
      <symbol id="sm-7fb">
         <name>IntMasterDisable</name>
         <value>0x100362b</value>
         <object_component_ref idref="oc-54"/>
      </symbol>
      <symbol id="sm-7fc">
         <name>IntPendSet</name>
         <value>0x1001e91</value>
         <object_component_ref idref="oc-5e1"/>
      </symbol>
      <symbol id="sm-836">
         <name>PinModeGet</name>
         <value>0x1002fe5</value>
         <object_component_ref idref="oc-268"/>
      </symbol>
      <symbol id="sm-837">
         <name>PinConfigSet</name>
         <value>0x1001f19</value>
         <object_component_ref idref="oc-2c1"/>
      </symbol>
      <symbol id="sm-838">
         <name>PinModeSet</name>
         <value>0x1002cc1</value>
         <object_component_ref idref="oc-26e"/>
      </symbol>
      <symbol id="sm-839">
         <name>PinToPadGet</name>
         <value>0x10032e9</value>
         <object_component_ref idref="oc-5af"/>
      </symbol>
      <symbol id="sm-902">
         <name>PRCMLPDSRestoreInfoSet</name>
         <value>0x1002b29</value>
         <object_component_ref idref="oc-5c3"/>
      </symbol>
      <symbol id="sm-903">
         <name>PRCMPeripheralReset</name>
         <value>0x10025ad</value>
         <object_component_ref idref="oc-25c"/>
      </symbol>
      <symbol id="sm-904">
         <name>PRCMLPDSEnter</name>
         <value>0x10029c5</value>
         <object_component_ref idref="oc-52b"/>
      </symbol>
      <symbol id="sm-905">
         <name>PRCMPeripheralClkEnable</name>
         <value>0x1002a0d</value>
         <object_component_ref idref="oc-256"/>
      </symbol>
      <symbol id="sm-906">
         <name>PRCMLPDSEnterKeepDebugIf</name>
         <value>0x1002e2d</value>
         <object_component_ref idref="oc-531"/>
      </symbol>
      <symbol id="sm-907">
         <name>PRCMCC3200MCUInit</name>
         <value>0x1000841</value>
         <object_component_ref idref="oc-1c0"/>
      </symbol>
      <symbol id="sm-908">
         <name>PRCMHIBRegWrite</name>
         <value>0x1003467</value>
         <object_component_ref idref="oc-24a"/>
      </symbol>
      <symbol id="sm-909">
         <name>PRCMSysResetCauseGet</name>
         <value>0x10023dd</value>
         <object_component_ref idref="oc-243"/>
      </symbol>
      <symbol id="sm-90a">
         <name>PRCMPeripheralClkDisable</name>
         <value>0x1003161</value>
         <object_component_ref idref="oc-262"/>
      </symbol>
      <symbol id="sm-90b">
         <name>PRCMHIBRegRead</name>
         <value>0x1003451</value>
         <object_component_ref idref="oc-250"/>
      </symbol>
      <symbol id="sm-953">
         <name>TimerLoadSet</name>
         <value>0x100310b</value>
         <object_component_ref idref="oc-634"/>
      </symbol>
      <symbol id="sm-954">
         <name>TimerDisable</name>
         <value>0x10032ad</value>
         <object_component_ref idref="oc-64e"/>
      </symbol>
      <symbol id="sm-955">
         <name>TimerEnable</name>
         <value>0x10032cb</value>
         <object_component_ref idref="oc-647"/>
      </symbol>
      <symbol id="sm-956">
         <name>TimerIntDisable</name>
         <value>0x10033d9</value>
         <object_component_ref idref="oc-654"/>
      </symbol>
      <symbol id="sm-957">
         <name>TimerPrescaleSet</name>
         <value>0x1003135</value>
         <object_component_ref idref="oc-62e"/>
      </symbol>
      <symbol id="sm-958">
         <name>TimerControlStall</name>
         <value>0x1002f45</value>
         <object_component_ref idref="oc-690"/>
      </symbol>
      <symbol id="sm-959">
         <name>TimerIntEnable</name>
         <value>0x10033f1</value>
         <object_component_ref idref="oc-63b"/>
      </symbol>
      <symbol id="sm-95a">
         <name>TimerIntClear</name>
         <value>0x100350b</value>
         <object_component_ref idref="oc-698"/>
      </symbol>
      <symbol id="sm-95e">
         <name>UtilsDelay</name>
         <value>0x100364d</value>
         <object_component_ref idref="oc-249"/>
      </symbol>
      <symbol id="sm-96e">
         <name>FlashDisable</name>
         <value>0x100297d</value>
         <object_component_ref idref="oc-5d9"/>
      </symbol>
      <symbol id="sm-977">
         <name>__aeabi_lmul</name>
         <value>0x1003439</value>
         <object_component_ref idref="oc-467"/>
      </symbol>
      <symbol id="sm-992">
         <name>memcpy</name>
         <value>0x1001ba9</value>
         <object_component_ref idref="oc-3c"/>
      </symbol>
      <symbol id="sm-993">
         <name>__aeabi_memcpy</name>
         <value>0x1001ba9</value>
         <object_component_ref idref="oc-3c"/>
      </symbol>
      <symbol id="sm-994">
         <name>__aeabi_memcpy8</name>
         <value>0x1001ba9</value>
         <object_component_ref idref="oc-3c"/>
      </symbol>
      <symbol id="sm-995">
         <name>__aeabi_memcpy4</name>
         <value>0x1001ba9</value>
         <object_component_ref idref="oc-3c"/>
      </symbol>
      <symbol id="sm-9a2">
         <name>__aeabi_uldivmod</name>
         <value>0x1001cdd</value>
         <object_component_ref idref="oc-45c"/>
      </symbol>
      <symbol id="sm-9b6">
         <name>__TI_zero_init_nomemset</name>
         <value>0x1003321</value>
         <object_component_ref idref="oc-48"/>
      </symbol>
      <symbol id="sm-9cd">
         <name>__TI_decompress_none</name>
         <value>0x10035fb</value>
         <object_component_ref idref="oc-1b"/>
      </symbol>
      <symbol id="sm-9f0">
         <name>__TI_decompress_lzss</name>
         <value>0x1002311</value>
         <object_component_ref idref="oc-15"/>
      </symbol>
      <symbol id="sm-a79">
         <name>_sys_memory</name>
         <value>0x20000310</value>
         <object_component_ref idref="oc-2b"/>
      </symbol>
      <symbol id="sm-a7a">
         <name>free</name>
         <value>0x1001751</value>
         <object_component_ref idref="oc-376"/>
      </symbol>
      <symbol id="sm-a7b">
         <name>memalign</name>
         <value>0x1001651</value>
         <object_component_ref idref="oc-4c0"/>
      </symbol>
      <symbol id="sm-a7c">
         <name>malloc</name>
         <value>0x100363f</value>
         <object_component_ref idref="oc-3d1"/>
      </symbol>
      <symbol id="sm-a7d">
         <name>aligned_alloc</name>
         <value>0x1001651</value>
         <object_component_ref idref="oc-4c0"/>
      </symbol>
      <symbol id="sm-a8f">
         <name>__stack</name>
         <value>0x2003f000</value>
         <object_component_ref idref="oc-2e"/>
      </symbol>
      <symbol id="sm-a90">
         <name>_c_int00_noargs</name>
         <value>0x1003249</value>
         <object_component_ref idref="oc-c6"/>
      </symbol>
      <symbol id="sm-a9a">
         <name>__aeabi_idiv0</name>
         <value>0x1003663</value>
         <object_component_ref idref="oc-4fc"/>
      </symbol>
      <symbol id="sm-a9b">
         <name>__aeabi_ldiv0</name>
         <value>0x1003663</value>
         <object_component_ref idref="oc-4fc"/>
      </symbol>
      <symbol id="sm-ac4">
         <name>__TI_auto_init_nobinit_nopinit</name>
         <value>0x1002c7d</value>
         <object_component_ref idref="oc-172"/>
      </symbol>
      <symbol id="sm-ace">
         <name>_system_pre_init</name>
         <value>0x100365b</value>
         <object_component_ref idref="oc-115"/>
      </symbol>
      <symbol id="sm-ada">
         <name>C$$EXIT</name>
         <value>0x100365f</value>
         <object_component_ref idref="oc-166"/>
      </symbol>
      <symbol id="sm-adb">
         <name>abort</name>
         <value>0x100365f</value>
         <object_component_ref idref="oc-166"/>
      </symbol>
      <symbol id="sm-af0">
         <name>_nop</name>
         <value>0x1002f7b</value>
         <object_component_ref idref="oc-321"/>
      </symbol>
      <symbol id="sm-af1">
         <name>_lock</name>
         <value>0x200088ac</value>
         <object_component_ref idref="oc-203"/>
      </symbol>
      <symbol id="sm-af2">
         <name>_unlock</name>
         <value>0x200088b0</value>
         <object_component_ref idref="oc-203"/>
      </symbol>
      <symbol id="sm-af4">
         <name>__TI_static_base__</name>
         <value>0x1003950</value>
      </symbol>
      <symbol id="sm-af7">
         <name>ITM_flush</name>
         <value>0x0</value>
      </symbol>
      <symbol id="sm-af8">
         <name>ITM_restore</name>
         <value>0x0</value>
      </symbol>
      <symbol id="sm-af9">
         <name>__mpu_init</name>
         <value>0x0</value>
      </symbol>
      <symbol id="sm-afa">
         <name>_system_post_cinit</name>
         <value>0x0</value>
      </symbol>
      <symbol id="sm-afb">
         <name>NoRTOS_start</name>
         <value>0x10035ed</value>
      </symbol>
   </symbol_table>
   <title>Link successful</title>
</link_info>
